cheng_line_map
entry_count=7
entry	cheng_cold_61352ff0_791	sha384m.sha384U64FromBytes	/Users/lbcheng/cheng-lang/.rebuild/clone_roots/i64s_knife/src/std/crypto/sha384.cheng	54	54	54	offset=0xd0	size=528	function_name=sha384m.sha384U64FromBytes	module_path=/Users/lbcheng/cheng-lang/.rebuild/clone_roots/i64s_knife/src/std/crypto/sha384.cheng
entry	cheng_cold_61352ff0_794	sha384m.sha384SetU64BE	/Users/lbcheng/cheng-lang/.rebuild/clone_roots/i64s_knife/src/std/crypto/sha384.cheng	237	237	237	offset=0x2e0	size=1436	function_name=sha384m.sha384SetU64BE	module_path=/Users/lbcheng/cheng-lang/.rebuild/clone_roots/i64s_knife/src/std/crypto/sha384.cheng
entry	cheng_cold_61352ff0_798	u64hex	/Users/lbcheng/cheng-lang/.rebuild/clone_roots/i64s_knife/src/tests/int64_shift_semantics_probe.cheng	8	8	8	offset=0x87c	size=516	function_name=u64hex	module_path=/Users/lbcheng/cheng-lang/.rebuild/clone_roots/i64s_knife/src/tests/int64_shift_semantics_probe.cheng
entry	main	main	/Users/lbcheng/cheng-lang/.rebuild/clone_roots/i64s_knife/src/tests/int64_shift_semantics_probe.cheng	13	13	13	offset=0x0	size=30576	function_name=main	module_path=/Users/lbcheng/cheng-lang/.rebuild/clone_roots/i64s_knife/src/tests/int64_shift_semantics_probe.cheng
entry	cheng_cold_61352ff0_799	main	/Users/lbcheng/cheng-lang/.rebuild/clone_roots/i64s_knife/src/tests/int64_shift_semantics_probe.cheng	13	13	13	offset=0xa80	size=30576	function_name=main	module_path=/Users/lbcheng/cheng-lang/.rebuild/clone_roots/i64s_knife/src/tests/int64_shift_semantics_probe.cheng
entry	cheng_cold_alloc_shim_61352ff0	cheng_cold_alloc_shim_61352ff0	/Users/lbcheng/cheng-lang/.rebuild/clone_roots/i64s_knife/src/tests/int64_shift_semantics_probe.cheng	1	1	1	offset=0x48	size=32	function_name=cheng_cold_alloc_shim_61352ff0	module_path=/Users/lbcheng/cheng-lang/.rebuild/clone_roots/i64s_knife/src/tests/int64_shift_semantics_probe.cheng
entry	cheng_cold_free_shim_61352ff0	cheng_cold_free_shim_61352ff0	/Users/lbcheng/cheng-lang/.rebuild/clone_roots/i64s_knife/src/tests/int64_shift_semantics_probe.cheng	1	1	1	offset=0x98	size=32	function_name=cheng_cold_free_shim_61352ff0	module_path=/Users/lbcheng/cheng-lang/.rebuild/clone_roots/i64s_knife/src/tests/int64_shift_semantics_probe.cheng
