cheng_line_map
entry_count=131
entry	cheng_cold_f155c0a9_192	cheng_runtime_lock_abort	/Users/lbcheng/cheng-lang/.rebuild/clone_roots/i64s_knife/src/core/runtime/program_support_backend.cheng	1354	1354	1354	offset=0x88	size=916	function_name=cheng_runtime_lock_abort	module_path=/Users/lbcheng/cheng-lang/.rebuild/clone_roots/i64s_knife/src/core/runtime/program_support_backend.cheng
entry	cheng_cold_f155c0a9_193	cheng_runtime_lock	/Users/lbcheng/cheng-lang/.rebuild/clone_roots/i64s_knife/src/core/runtime/program_support_backend.cheng	1373	1373	1373	offset=0x41c	size=56	function_name=cheng_runtime_lock	module_path=/Users/lbcheng/cheng-lang/.rebuild/clone_roots/i64s_knife/src/core/runtime/program_support_backend.cheng
entry	cheng_cold_f155c0a9_194	cheng_runtime_unlock	/Users/lbcheng/cheng-lang/.rebuild/clone_roots/i64s_knife/src/core/runtime/program_support_backend.cheng	1376	1376	1376	offset=0x454	size=56	function_name=cheng_runtime_unlock	module_path=/Users/lbcheng/cheng-lang/.rebuild/clone_roots/i64s_knife/src/core/runtime/program_support_backend.cheng
entry	cheng_cold_f155c0a9_195	cheng_runtime_leaf_lock	/Users/lbcheng/cheng-lang/.rebuild/clone_roots/i64s_knife/src/core/runtime/program_support_backend.cheng	1379	1379	1379	offset=0x48c	size=56	function_name=cheng_runtime_leaf_lock	module_path=/Users/lbcheng/cheng-lang/.rebuild/clone_roots/i64s_knife/src/core/runtime/program_support_backend.cheng
entry	cheng_cold_f155c0a9_196	cheng_runtime_leaf_unlock	/Users/lbcheng/cheng-lang/.rebuild/clone_roots/i64s_knife/src/core/runtime/program_support_backend.cheng	1382	1382	1382	offset=0x4c4	size=56	function_name=cheng_runtime_leaf_unlock	module_path=/Users/lbcheng/cheng-lang/.rebuild/clone_roots/i64s_knife/src/core/runtime/program_support_backend.cheng
entry	cheng_cold_f155c0a9_207	cheng_mem_registry_tombstone_raw	/Users/lbcheng/cheng-lang/.rebuild/clone_roots/i64s_knife/src/core/runtime/program_support_backend.cheng	1416	1416	1416	offset=0x4fc	size=44	function_name=cheng_mem_registry_tombstone_raw	module_path=/Users/lbcheng/cheng-lang/.rebuild/clone_roots/i64s_knife/src/core/runtime/program_support_backend.cheng
entry	cheng_cold_f155c0a9_208	cheng_mem_registry_hard_fail	/Users/lbcheng/cheng-lang/.rebuild/clone_roots/i64s_knife/src/core/runtime/program_support_backend.cheng	1419	1419	1419	offset=0x528	size=68	function_name=cheng_mem_registry_hard_fail	module_path=/Users/lbcheng/cheng-lang/.rebuild/clone_roots/i64s_knife/src/core/runtime/program_support_backend.cheng
entry	cheng_cold_f155c0a9_209	cheng_ptr_plus	/Users/lbcheng/cheng-lang/.rebuild/clone_roots/i64s_knife/src/core/runtime/program_support_backend.cheng	1422	1422	1422	offset=0x56c	size=224	function_name=cheng_ptr_plus	module_path=/Users/lbcheng/cheng-lang/.rebuild/clone_roots/i64s_knife/src/core/runtime/program_support_backend.cheng
entry	cheng_cold_f155c0a9_210	cheng_mem_registry_slot_get_raw	/Users/lbcheng/cheng-lang/.rebuild/clone_roots/i64s_knife/src/core/runtime/program_support_backend.cheng	1427	1427	1427	offset=0x64c	size=420	function_name=cheng_mem_registry_slot_get_raw	module_path=/Users/lbcheng/cheng-lang/.rebuild/clone_roots/i64s_knife/src/core/runtime/program_support_backend.cheng
entry	cheng_cold_f155c0a9_212	cheng_mem_registry_slot_set	/Users/lbcheng/cheng-lang/.rebuild/clone_roots/i64s_knife/src/core/runtime/program_support_backend.cheng	1435	1435	1435	offset=0x7f0	size=464	function_name=cheng_mem_registry_slot_set	module_path=/Users/lbcheng/cheng-lang/.rebuild/clone_roots/i64s_knife/src/core/runtime/program_support_backend.cheng
entry	cheng_cold_f155c0a9_213	cheng_mem_registry_slot_set_raw	/Users/lbcheng/cheng-lang/.rebuild/clone_roots/i64s_knife/src/core/runtime/program_support_backend.cheng	1440	1440	1440	offset=0x9c0	size=448	function_name=cheng_mem_registry_slot_set_raw	module_path=/Users/lbcheng/cheng-lang/.rebuild/clone_roots/i64s_knife/src/core/runtime/program_support_backend.cheng
entry	cheng_cold_f155c0a9_214	cheng_mem_registry_hash	/Users/lbcheng/cheng-lang/.rebuild/clone_roots/i64s_knife/src/core/runtime/program_support_backend.cheng	1445	1445	1445	offset=0xb80	size=460	function_name=cheng_mem_registry_hash	module_path=/Users/lbcheng/cheng-lang/.rebuild/clone_roots/i64s_knife/src/core/runtime/program_support_backend.cheng
entry	cheng_cold_f155c0a9_215	cheng_mem_registry_probe_start	/Users/lbcheng/cheng-lang/.rebuild/clone_roots/i64s_knife/src/core/runtime/program_support_backend.cheng	1460	1460	1460	offset=0xd4c	size=380	function_name=cheng_mem_registry_probe_start	module_path=/Users/lbcheng/cheng-lang/.rebuild/clone_roots/i64s_knife/src/core/runtime/program_support_backend.cheng
entry	cheng_cold_f155c0a9_216	cheng_mem_registry_insert_into	/Users/lbcheng/cheng-lang/.rebuild/clone_roots/i64s_knife/src/core/runtime/program_support_backend.cheng	1472	1472	1472	offset=0xec8	size=1164	function_name=cheng_mem_registry_insert_into	module_path=/Users/lbcheng/cheng-lang/.rebuild/clone_roots/i64s_knife/src/core/runtime/program_support_backend.cheng
entry	cheng_cold_f155c0a9_217	cheng_mem_registry_grow	/Users/lbcheng/cheng-lang/.rebuild/clone_roots/i64s_knife/src/core/runtime/program_support_backend.cheng	1492	1492	1492	offset=0x1354	size=5208	function_name=cheng_mem_registry_grow	module_path=/Users/lbcheng/cheng-lang/.rebuild/clone_roots/i64s_knife/src/core/runtime/program_support_backend.cheng
entry	cheng_cold_f155c0a9_218	cheng_mem_registry_ensure_capacity	/Users/lbcheng/cheng-lang/.rebuild/clone_roots/i64s_knife/src/core/runtime/program_support_backend.cheng	1568	1568	1568	offset=0x27ac	size=3340	function_name=cheng_mem_registry_ensure_capacity	module_path=/Users/lbcheng/cheng-lang/.rebuild/clone_roots/i64s_knife/src/core/runtime/program_support_backend.cheng
entry	cheng_cold_f155c0a9_219	cheng_mem_registry_contains	/Users/lbcheng/cheng-lang/.rebuild/clone_roots/i64s_knife/src/core/runtime/program_support_backend.cheng	1596	1596	1596	offset=0x34b8	size=1236	function_name=cheng_mem_registry_contains	module_path=/Users/lbcheng/cheng-lang/.rebuild/clone_roots/i64s_knife/src/core/runtime/program_support_backend.cheng
entry	cheng_cold_f155c0a9_220	cheng_mem_registry_insert	/Users/lbcheng/cheng-lang/.rebuild/clone_roots/i64s_knife/src/core/runtime/program_support_backend.cheng	1615	1615	1615	offset=0x398c	size=2208	function_name=cheng_mem_registry_insert	module_path=/Users/lbcheng/cheng-lang/.rebuild/clone_roots/i64s_knife/src/core/runtime/program_support_backend.cheng
entry	cheng_cold_f155c0a9_222	cheng_mem_registry_remove_checked	/Users/lbcheng/cheng-lang/.rebuild/clone_roots/i64s_knife/src/core/runtime/program_support_backend.cheng	1677	1677	1677	offset=0x422c	size=1560	function_name=cheng_mem_registry_remove_checked	module_path=/Users/lbcheng/cheng-lang/.rebuild/clone_roots/i64s_knife/src/core/runtime/program_support_backend.cheng
entry	cheng_cold_f155c0a9_223	cheng_mem_header	/Users/lbcheng/cheng-lang/.rebuild/clone_roots/i64s_knife/src/core/runtime/program_support_backend.cheng	1701	1701	1701	offset=0x4844	size=936	function_name=cheng_mem_header	module_path=/Users/lbcheng/cheng-lang/.rebuild/clone_roots/i64s_knife/src/core/runtime/program_support_backend.cheng
entry	cheng_cold_f155c0a9_224	cheng_mem_header_cached_fast	/Users/lbcheng/cheng-lang/.rebuild/clone_roots/i64s_knife/src/core/runtime/program_support_backend.cheng	1724	1724	1724	offset=0x4bec	size=476	function_name=cheng_mem_header_cached_fast	module_path=/Users/lbcheng/cheng-lang/.rebuild/clone_roots/i64s_knife/src/core/runtime/program_support_backend.cheng
entry	cheng_cold_f155c0a9_225	cheng_mem_header_unchecked	/Users/lbcheng/cheng-lang/.rebuild/clone_roots/i64s_knife/src/core/runtime/program_support_backend.cheng	1733	1733	1733	offset=0x4dc8	size=228	function_name=cheng_mem_header_unchecked	module_path=/Users/lbcheng/cheng-lang/.rebuild/clone_roots/i64s_knife/src/core/runtime/program_support_backend.cheng
entry	cheng_cold_f155c0a9_226	cheng_mem_header_rc_get	/Users/lbcheng/cheng-lang/.rebuild/clone_roots/i64s_knife/src/core/runtime/program_support_backend.cheng	1738	1738	1738	offset=0x4eac	size=196	function_name=cheng_mem_header_rc_get	module_path=/Users/lbcheng/cheng-lang/.rebuild/clone_roots/i64s_knife/src/core/runtime/program_support_backend.cheng
entry	cheng_cold_f155c0a9_227	cheng_mem_header_rc_set	/Users/lbcheng/cheng-lang/.rebuild/clone_roots/i64s_knife/src/core/runtime/program_support_backend.cheng	1743	1743	1743	offset=0x4f70	size=208	function_name=cheng_mem_header_rc_set	module_path=/Users/lbcheng/cheng-lang/.rebuild/clone_roots/i64s_knife/src/core/runtime/program_support_backend.cheng
entry	cheng_cold_f155c0a9_228	cheng_mem_header_size_get	/Users/lbcheng/cheng-lang/.rebuild/clone_roots/i64s_knife/src/core/runtime/program_support_backend.cheng	1751	1751	1751	offset=0x5040	size=272	function_name=cheng_mem_header_size_get	module_path=/Users/lbcheng/cheng-lang/.rebuild/clone_roots/i64s_knife/src/core/runtime/program_support_backend.cheng
entry	cheng_cold_f155c0a9_229	cheng_mem_header_is_mmap	/Users/lbcheng/cheng-lang/.rebuild/clone_roots/i64s_knife/src/core/runtime/program_support_backend.cheng	1760	1760	1760	offset=0x5150	size=316	function_name=cheng_mem_header_is_mmap	module_path=/Users/lbcheng/cheng-lang/.rebuild/clone_roots/i64s_knife/src/core/runtime/program_support_backend.cheng
entry	cheng_cold_f155c0a9_230	cheng_mem_header_is_ledger	/Users/lbcheng/cheng-lang/.rebuild/clone_roots/i64s_knife/src/core/runtime/program_support_backend.cheng	1767	1767	1767	offset=0x528c	size=316	function_name=cheng_mem_header_is_ledger	module_path=/Users/lbcheng/cheng-lang/.rebuild/clone_roots/i64s_knife/src/core/runtime/program_support_backend.cheng
entry	cheng_cold_f155c0a9_231	cheng_mem_header_size_set	/Users/lbcheng/cheng-lang/.rebuild/clone_roots/i64s_knife/src/core/runtime/program_support_backend.cheng	1774	1774	1774	offset=0x53c8	size=248	function_name=cheng_mem_header_size_set	module_path=/Users/lbcheng/cheng-lang/.rebuild/clone_roots/i64s_knife/src/core/runtime/program_support_backend.cheng
entry	cheng_cold_f155c0a9_232	cheng_mem_header_size_set_mmap	/Users/lbcheng/cheng-lang/.rebuild/clone_roots/i64s_knife/src/core/runtime/program_support_backend.cheng	1780	1780	1780	offset=0x54c0	size=284	function_name=cheng_mem_header_size_set_mmap	module_path=/Users/lbcheng/cheng-lang/.rebuild/clone_roots/i64s_knife/src/core/runtime/program_support_backend.cheng
entry	cheng_cold_f155c0a9_233	cheng_mem_header_size_set_ledger	/Users/lbcheng/cheng-lang/.rebuild/clone_roots/i64s_knife/src/core/runtime/program_support_backend.cheng	1787	1787	1787	offset=0x55dc	size=760	function_name=cheng_mem_header_size_set_ledger	module_path=/Users/lbcheng/cheng-lang/.rebuild/clone_roots/i64s_knife/src/core/runtime/program_support_backend.cheng
entry	cheng_cold_f155c0a9_234	cheng_mem_block_release	/Users/lbcheng/cheng-lang/.rebuild/clone_roots/i64s_knife/src/core/runtime/program_support_backend.cheng	1800	1800	1800	offset=0x58d4	size=552	function_name=cheng_mem_block_release	module_path=/Users/lbcheng/cheng-lang/.rebuild/clone_roots/i64s_knife/src/core/runtime/program_support_backend.cheng
entry	cheng_cold_f155c0a9_235	cheng_quarantine_hex_append	/Users/lbcheng/cheng-lang/.rebuild/clone_roots/i64s_knife/src/core/runtime/program_support_backend.cheng	1848	1848	1848	offset=0x5afc	size=892	function_name=cheng_quarantine_hex_append	module_path=/Users/lbcheng/cheng-lang/.rebuild/clone_roots/i64s_knife/src/core/runtime/program_support_backend.cheng
entry	cheng_cold_f155c0a9_236	cheng_quarantine_uaf_abort_locked	/Users/lbcheng/cheng-lang/.rebuild/clone_roots/i64s_knife/src/core/runtime/program_support_backend.cheng	1865	1865	1865	offset=0x5e78	size=1204	function_name=cheng_quarantine_uaf_abort_locked	module_path=/Users/lbcheng/cheng-lang/.rebuild/clone_roots/i64s_knife/src/core/runtime/program_support_backend.cheng
entry	cheng_cold_f155c0a9_237	cheng_quarantine_scan_locked	/Users/lbcheng/cheng-lang/.rebuild/clone_roots/i64s_knife/src/core/runtime/program_support_backend.cheng	1895	1895	1895	offset=0x632c	size=428	function_name=cheng_quarantine_scan_locked	module_path=/Users/lbcheng/cheng-lang/.rebuild/clone_roots/i64s_knife/src/core/runtime/program_support_backend.cheng
entry	cheng_cold_f155c0a9_238	cheng_quarantine_stale_slot_abort_locked	/Users/lbcheng/cheng-lang/.rebuild/clone_roots/i64s_knife/src/core/runtime/program_support_backend.cheng	1910	1910	1910	offset=0x64d8	size=1184	function_name=cheng_quarantine_stale_slot_abort_locked	module_path=/Users/lbcheng/cheng-lang/.rebuild/clone_roots/i64s_knife/src/core/runtime/program_support_backend.cheng
entry	cheng_cold_f155c0a9_239	cheng_quarantine_evict_one_locked	/Users/lbcheng/cheng-lang/.rebuild/clone_roots/i64s_knife/src/core/runtime/program_support_backend.cheng	1935	1935	1935	offset=0x6978	size=1380	function_name=cheng_quarantine_evict_one_locked	module_path=/Users/lbcheng/cheng-lang/.rebuild/clone_roots/i64s_knife/src/core/runtime/program_support_backend.cheng
entry	cheng_cold_f155c0a9_240	cheng_quarantine_ring_push_locked	/Users/lbcheng/cheng-lang/.rebuild/clone_roots/i64s_knife/src/core/runtime/program_support_backend.cheng	1960	1960	1960	offset=0x6edc	size=2480	function_name=cheng_quarantine_ring_push_locked	module_path=/Users/lbcheng/cheng-lang/.rebuild/clone_roots/i64s_knife/src/core/runtime/program_support_backend.cheng
entry	cheng_cold_f155c0a9_241	cheng_quarantine_release_locked	/Users/lbcheng/cheng-lang/.rebuild/clone_roots/i64s_knife/src/core/runtime/program_support_backend.cheng	2025	2025	2025	offset=0x788c	size=2432	function_name=cheng_quarantine_release_locked	module_path=/Users/lbcheng/cheng-lang/.rebuild/clone_roots/i64s_knife/src/core/runtime/program_support_backend.cheng
entry	cheng_cold_f155c0a9_249	cheng_payload_ptr	/Users/lbcheng/cheng-lang/.rebuild/clone_roots/i64s_knife/src/core/runtime/program_support_backend.cheng	2180	2180	2180	offset=0x820c	size=192	function_name=cheng_payload_ptr	module_path=/Users/lbcheng/cheng-lang/.rebuild/clone_roots/i64s_knife/src/core/runtime/program_support_backend.cheng
entry	cheng_cold_f155c0a9_258	cheng_bytes_copy	/Users/lbcheng/cheng-lang/.rebuild/clone_roots/i64s_knife/src/core/runtime/program_support_backend.cheng	2265	2265	2265	offset=0x82cc	size=1060	function_name=cheng_bytes_copy	module_path=/Users/lbcheng/cheng-lang/.rebuild/clone_roots/i64s_knife/src/core/runtime/program_support_backend.cheng
entry	cheng_cold_f155c0a9_259	cheng_bytes_set	/Users/lbcheng/cheng-lang/.rebuild/clone_roots/i64s_knife/src/core/runtime/program_support_backend.cheng	2284	2284	2284	offset=0x86f0	size=988	function_name=cheng_bytes_set	module_path=/Users/lbcheng/cheng-lang/.rebuild/clone_roots/i64s_knife/src/core/runtime/program_support_backend.cheng
entry	cheng_cold_f155c0a9_263	cheng_cstrlen_raw	/Users/lbcheng/cheng-lang/.rebuild/clone_roots/i64s_knife/src/core/runtime/program_support_backend.cheng	2327	2327	2327	offset=0x8acc	size=624	function_name=cheng_cstrlen_raw	module_path=/Users/lbcheng/cheng-lang/.rebuild/clone_roots/i64s_knife/src/core/runtime/program_support_backend.cheng
entry	cheng_cold_f155c0a9_269	cheng_str_release_owned	/Users/lbcheng/cheng-lang/.rebuild/clone_roots/i64s_knife/src/core/runtime/program_support_backend.cheng	2379	2379	2379	offset=0x8d3c	size=236	function_name=cheng_str_release_owned	module_path=/Users/lbcheng/cheng-lang/.rebuild/clone_roots/i64s_knife/src/core/runtime/program_support_backend.cheng
entry	cheng_cold_f155c0a9_271	cheng_str_release_scope_export	/Users/lbcheng/cheng-lang/.rebuild/clone_roots/i64s_knife/src/core/runtime/program_support_backend.cheng	2423	2423	2423	offset=0x8e28	size=368	function_name=cheng_str_release_scope_export	module_path=/Users/lbcheng/cheng-lang/.rebuild/clone_roots/i64s_knife/src/core/runtime/program_support_backend.cheng
entry	cheng_cold_f155c0a9_281	cheng_stream_looks_safe	/Users/lbcheng/cheng-lang/.rebuild/clone_roots/i64s_knife/src/core/runtime/program_support_backend.cheng	2569	2569	2569	offset=0x8f98	size=232	function_name=cheng_stream_looks_safe	module_path=/Users/lbcheng/cheng-lang/.rebuild/clone_roots/i64s_knife/src/core/runtime/program_support_backend.cheng
entry	cheng_cold_f155c0a9_283	cheng_safe_write_stream	/Users/lbcheng/cheng-lang/.rebuild/clone_roots/i64s_knife/src/core/runtime/program_support_backend.cheng	2585	2585	2585	offset=0x9080	size=752	function_name=cheng_safe_write_stream	module_path=/Users/lbcheng/cheng-lang/.rebuild/clone_roots/i64s_knife/src/core/runtime/program_support_backend.cheng
entry	cheng_cold_f155c0a9_285	cheng_fwrite	/Users/lbcheng/cheng-lang/.rebuild/clone_roots/i64s_knife/src/core/runtime/program_support_backend.cheng	2613	2613	2613	offset=0x9370	size=1520	function_name=cheng_fwrite	module_path=/Users/lbcheng/cheng-lang/.rebuild/clone_roots/i64s_knife/src/core/runtime/program_support_backend.cheng
entry	cheng_cold_f155c0a9_287	cheng_stderr_write_cstr	/Users/lbcheng/cheng-lang/.rebuild/clone_roots/i64s_knife/src/core/runtime/program_support_backend.cheng	2632	2632	2632	offset=0x9960	size=372	function_name=cheng_stderr_write_cstr	module_path=/Users/lbcheng/cheng-lang/.rebuild/clone_roots/i64s_knife/src/core/runtime/program_support_backend.cheng
entry	cheng_cold_f155c0a9_288	cheng_stderr_write_line_cstr	/Users/lbcheng/cheng-lang/.rebuild/clone_roots/i64s_knife/src/core/runtime/program_support_backend.cheng	2640	2640	2640	offset=0x9ad4	size=128	function_name=cheng_stderr_write_line_cstr	module_path=/Users/lbcheng/cheng-lang/.rebuild/clone_roots/i64s_knife/src/core/runtime/program_support_backend.cheng
entry	cheng_cold_f155c0a9_302	cheng_system_entropy_fill	/Users/lbcheng/cheng-lang/.rebuild/clone_roots/i64s_knife/src/core/runtime/program_support_backend.cheng	2810	2810	2810	offset=0x9b54	size=760	function_name=cheng_system_entropy_fill	module_path=/Users/lbcheng/cheng-lang/.rebuild/clone_roots/i64s_knife/src/core/runtime/program_support_backend.cheng
entry	cheng_cold_f155c0a9_341	cheng_host_is_darwin	/Users/lbcheng/cheng-lang/.rebuild/clone_roots/i64s_knife/src/core/runtime/program_support_backend.cheng	3430	3430	3430	offset=0x9e4c	size=92	function_name=cheng_host_is_darwin	module_path=/Users/lbcheng/cheng-lang/.rebuild/clone_roots/i64s_knife/src/core/runtime/program_support_backend.cheng
entry	cheng_cold_f155c0a9_391	cheng_allocation_ledger_slot_at	/Users/lbcheng/cheng-lang/.rebuild/clone_roots/i64s_knife/src/core/runtime/program_support_backend.cheng	3881	3881	3881	offset=0x9ea8	size=644	function_name=cheng_allocation_ledger_slot_at	module_path=/Users/lbcheng/cheng-lang/.rebuild/clone_roots/i64s_knife/src/core/runtime/program_support_backend.cheng
entry	cheng_cold_f155c0a9_392	cheng_allocation_ledger_slab_at	/Users/lbcheng/cheng-lang/.rebuild/clone_roots/i64s_knife/src/core/runtime/program_support_backend.cheng	3890	3890	3890	offset=0xa12c	size=656	function_name=cheng_allocation_ledger_slab_at	module_path=/Users/lbcheng/cheng-lang/.rebuild/clone_roots/i64s_knife/src/core/runtime/program_support_backend.cheng
entry	cheng_cold_f155c0a9_394	cheng_allocation_ledger_record_at	/Users/lbcheng/cheng-lang/.rebuild/clone_roots/i64s_knife/src/core/runtime/program_support_backend.cheng	3910	3910	3910	offset=0xa3bc	size=788	function_name=cheng_allocation_ledger_record_at	module_path=/Users/lbcheng/cheng-lang/.rebuild/clone_roots/i64s_knife/src/core/runtime/program_support_backend.cheng
entry	cheng_cold_f155c0a9_396	cheng_allocation_ledger_record_acquire_locked	/Users/lbcheng/cheng-lang/.rebuild/clone_roots/i64s_knife/src/core/runtime/program_support_backend.cheng	3928	3928	3928	offset=0xa6d0	size=2288	function_name=cheng_allocation_ledger_record_acquire_locked	module_path=/Users/lbcheng/cheng-lang/.rebuild/clone_roots/i64s_knife/src/core/runtime/program_support_backend.cheng
entry	cheng_cold_f155c0a9_397	cheng_allocation_ledger_record_recycle_locked	/Users/lbcheng/cheng-lang/.rebuild/clone_roots/i64s_knife/src/core/runtime/program_support_backend.cheng	3966	3966	3966	offset=0xafc0	size=2044	function_name=cheng_allocation_ledger_record_recycle_locked	module_path=/Users/lbcheng/cheng-lang/.rebuild/clone_roots/i64s_knife/src/core/runtime/program_support_backend.cheng
entry	cheng_cold_f155c0a9_402	cheng_allocation_ledger_abort	/Users/lbcheng/cheng-lang/.rebuild/clone_roots/i64s_knife/src/core/runtime/program_support_backend.cheng	4069	4069	4069	offset=0xb7bc	size=68	function_name=cheng_allocation_ledger_abort	module_path=/Users/lbcheng/cheng-lang/.rebuild/clone_roots/i64s_knife/src/core/runtime/program_support_backend.cheng
entry	cheng_cold_f155c0a9_403	cheng_allocation_ledger_u64_max	/Users/lbcheng/cheng-lang/.rebuild/clone_roots/i64s_knife/src/core/runtime/program_support_backend.cheng	4072	4072	4072	offset=0xb800	size=116	function_name=cheng_allocation_ledger_u64_max	module_path=/Users/lbcheng/cheng-lang/.rebuild/clone_roots/i64s_knife/src/core/runtime/program_support_backend.cheng
entry	cheng_cold_f155c0a9_407	cheng_allocation_ledger_checked_add	/Users/lbcheng/cheng-lang/.rebuild/clone_roots/i64s_knife/src/core/runtime/program_support_backend.cheng	4120	4120	4120	offset=0xb874	size=424	function_name=cheng_allocation_ledger_checked_add	module_path=/Users/lbcheng/cheng-lang/.rebuild/clone_roots/i64s_knife/src/core/runtime/program_support_backend.cheng
entry	cheng_cold_f155c0a9_408	cheng_allocation_ledger_page_size	/Users/lbcheng/cheng-lang/.rebuild/clone_roots/i64s_knife/src/core/runtime/program_support_backend.cheng	4129	4129	4129	offset=0xba1c	size=412	function_name=cheng_allocation_ledger_page_size	module_path=/Users/lbcheng/cheng-lang/.rebuild/clone_roots/i64s_knife/src/core/runtime/program_support_backend.cheng
entry	cheng_cold_f155c0a9_409	cheng_allocation_ledger_align_up	/Users/lbcheng/cheng-lang/.rebuild/clone_roots/i64s_knife/src/core/runtime/program_support_backend.cheng	4135	4135	4135	offset=0xbbb8	size=796	function_name=cheng_allocation_ledger_align_up	module_path=/Users/lbcheng/cheng-lang/.rebuild/clone_roots/i64s_knife/src/core/runtime/program_support_backend.cheng
entry	cheng_cold_f155c0a9_410	cheng_allocation_ledger_slab_backing_bytes	/Users/lbcheng/cheng-lang/.rebuild/clone_roots/i64s_knife/src/core/runtime/program_support_backend.cheng	4148	4148	4148	offset=0xbed4	size=376	function_name=cheng_allocation_ledger_slab_backing_bytes	module_path=/Users/lbcheng/cheng-lang/.rebuild/clone_roots/i64s_knife/src/core/runtime/program_support_backend.cheng
entry	cheng_cold_f155c0a9_416	cheng_allocation_ledger_owner_thread_active_locked	/Users/lbcheng/cheng-lang/.rebuild/clone_roots/i64s_knife/src/core/runtime/program_support_backend.cheng	4243	4243	4243	offset=0xc04c	size=892	function_name=cheng_allocation_ledger_owner_thread_active_locked	module_path=/Users/lbcheng/cheng-lang/.rebuild/clone_roots/i64s_knife/src/core/runtime/program_support_backend.cheng
entry	cheng_cold_f155c0a9_417	cheng_allocation_ledger_participant_row_valid	/Users/lbcheng/cheng-lang/.rebuild/clone_roots/i64s_knife/src/core/runtime/program_support_backend.cheng	4253	4253	4253	offset=0xc3c8	size=292	function_name=cheng_allocation_ledger_participant_row_valid	module_path=/Users/lbcheng/cheng-lang/.rebuild/clone_roots/i64s_knife/src/core/runtime/program_support_backend.cheng
entry	cheng_cold_f155c0a9_418	cheng_allocation_ledger_participant_state_load	/Users/lbcheng/cheng-lang/.rebuild/clone_roots/i64s_knife/src/core/runtime/program_support_backend.cheng	4257	4257	4257	offset=0xc4ec	size=212	function_name=cheng_allocation_ledger_participant_state_load	module_path=/Users/lbcheng/cheng-lang/.rebuild/clone_roots/i64s_knife/src/core/runtime/program_support_backend.cheng
entry	cheng_cold_f155c0a9_425	cheng_allocation_ledger_participant_owner_slot_index_load	/Users/lbcheng/cheng-lang/.rebuild/clone_roots/i64s_knife/src/core/runtime/program_support_backend.cheng	4307	4307	4307	offset=0xc5c0	size=132	function_name=cheng_allocation_ledger_participant_owner_slot_index_load	module_path=/Users/lbcheng/cheng-lang/.rebuild/clone_roots/i64s_knife/src/core/runtime/program_support_backend.cheng
entry	cheng_cold_f155c0a9_429	cheng_allocation_ledger_participant_owner_slot_generation_load	/Users/lbcheng/cheng-lang/.rebuild/clone_roots/i64s_knife/src/core/runtime/program_support_backend.cheng	4331	4331	4331	offset=0xc644	size=132	function_name=cheng_allocation_ledger_participant_owner_slot_generation_load	module_path=/Users/lbcheng/cheng-lang/.rebuild/clone_roots/i64s_knife/src/core/runtime/program_support_backend.cheng
entry	cheng_cold_f155c0a9_431	cheng_allocation_ledger_participant_claimed_thread_load	/Users/lbcheng/cheng-lang/.rebuild/clone_roots/i64s_knife/src/core/runtime/program_support_backend.cheng	4342	4342	4342	offset=0xc6c8	size=132	function_name=cheng_allocation_ledger_participant_claimed_thread_load	module_path=/Users/lbcheng/cheng-lang/.rebuild/clone_roots/i64s_knife/src/core/runtime/program_support_backend.cheng
entry	cheng_cold_f155c0a9_436	cheng_allocation_ledger_participant_tls_row	/Users/lbcheng/cheng-lang/.rebuild/clone_roots/i64s_knife/src/core/runtime/program_support_backend.cheng	4398	4398	4398	offset=0xc74c	size=600	function_name=cheng_allocation_ledger_participant_tls_row	module_path=/Users/lbcheng/cheng-lang/.rebuild/clone_roots/i64s_knife/src/core/runtime/program_support_backend.cheng
entry	cheng_cold_f155c0a9_449	cheng_allocation_ledger_participant_owner_slot_locked	/Users/lbcheng/cheng-lang/.rebuild/clone_roots/i64s_knife/src/core/runtime/program_support_backend.cheng	4547	4547	4547	offset=0xc9a4	size=1072	function_name=cheng_allocation_ledger_participant_owner_slot_locked	module_path=/Users/lbcheng/cheng-lang/.rebuild/clone_roots/i64s_knife/src/core/runtime/program_support_backend.cheng
entry	cheng_cold_f155c0a9_450	cheng_allocation_ledger_participant_active_locked	/Users/lbcheng/cheng-lang/.rebuild/clone_roots/i64s_knife/src/core/runtime/program_support_backend.cheng	4561	4561	4561	offset=0xcdd4	size=812	function_name=cheng_allocation_ledger_participant_active_locked	module_path=/Users/lbcheng/cheng-lang/.rebuild/clone_roots/i64s_knife/src/core/runtime/program_support_backend.cheng
entry	cheng_cold_f155c0a9_451	cheng_allocation_ledger_active_locked	/Users/lbcheng/cheng-lang/.rebuild/clone_roots/i64s_knife/src/core/runtime/program_support_backend.cheng	4582	4582	4582	offset=0xd100	size=804	function_name=cheng_allocation_ledger_active_locked	module_path=/Users/lbcheng/cheng-lang/.rebuild/clone_roots/i64s_knife/src/core/runtime/program_support_backend.cheng
entry	cheng_cold_f155c0a9_453	cheng_allocation_ledger_any_active_locked	/Users/lbcheng/cheng-lang/.rebuild/clone_roots/i64s_knife/src/core/runtime/program_support_backend.cheng	4609	4609	4609	offset=0xd424	size=680	function_name=cheng_allocation_ledger_any_active_locked	module_path=/Users/lbcheng/cheng-lang/.rebuild/clone_roots/i64s_knife/src/core/runtime/program_support_backend.cheng
entry	cheng_cold_f155c0a9_454	cheng_allocation_ledger_active_owner_index_fast	/Users/lbcheng/cheng-lang/.rebuild/clone_roots/i64s_knife/src/core/runtime/program_support_backend.cheng	4617	4617	4617	offset=0xd6cc	size=252	function_name=cheng_allocation_ledger_active_owner_index_fast	module_path=/Users/lbcheng/cheng-lang/.rebuild/clone_roots/i64s_knife/src/core/runtime/program_support_backend.cheng
entry	cheng_cold_f155c0a9_458	cheng_allocation_ledger_frame_put_u64	/Users/lbcheng/cheng-lang/.rebuild/clone_roots/i64s_knife/src/core/runtime/program_support_backend.cheng	4702	4702	4702	offset=0xd7c8	size=832	function_name=cheng_allocation_ledger_frame_put_u64	module_path=/Users/lbcheng/cheng-lang/.rebuild/clone_roots/i64s_knife/src/core/runtime/program_support_backend.cheng
entry	cheng_cold_f155c0a9_459	cheng_allocation_ledger_frame_put_bytes	/Users/lbcheng/cheng-lang/.rebuild/clone_roots/i64s_knife/src/core/runtime/program_support_backend.cheng	4716	4716	4716	offset=0xdb08	size=1100	function_name=cheng_allocation_ledger_frame_put_bytes	module_path=/Users/lbcheng/cheng-lang/.rebuild/clone_roots/i64s_knife/src/core/runtime/program_support_backend.cheng
entry	cheng_cold_f155c0a9_460	cheng_allocation_ledger_frame_put_digest	/Users/lbcheng/cheng-lang/.rebuild/clone_roots/i64s_knife/src/core/runtime/program_support_backend.cheng	4730	4730	4730	offset=0xdf54	size=684	function_name=cheng_allocation_ledger_frame_put_digest	module_path=/Users/lbcheng/cheng-lang/.rebuild/clone_roots/i64s_knife/src/core/runtime/program_support_backend.cheng
entry	cheng_cold_f155c0a9_461	cheng_allocation_ledger_record_event_locked	/Users/lbcheng/cheng-lang/.rebuild/clone_roots/i64s_knife/src/core/runtime/program_support_backend.cheng	4742	4742	4742	offset=0xe200	size=8544	function_name=cheng_allocation_ledger_record_event_locked	module_path=/Users/lbcheng/cheng-lang/.rebuild/clone_roots/i64s_knife/src/core/runtime/program_support_backend.cheng
entry	cheng_cold_f155c0a9_462	cheng_allocation_ledger_record_for_header_locked	/Users/lbcheng/cheng-lang/.rebuild/clone_roots/i64s_knife/src/core/runtime/program_support_backend.cheng	4848	4848	4848	offset=0x10360	size=1984	function_name=cheng_allocation_ledger_record_for_header_locked	module_path=/Users/lbcheng/cheng-lang/.rebuild/clone_roots/i64s_knife/src/core/runtime/program_support_backend.cheng
entry	cheng_cold_f155c0a9_463	cheng_allocation_ledger_heap_index_start	/Users/lbcheng/cheng-lang/.rebuild/clone_roots/i64s_knife/src/core/runtime/program_support_backend.cheng	4874	4874	4874	offset=0x10b20	size=260	function_name=cheng_allocation_ledger_heap_index_start	module_path=/Users/lbcheng/cheng-lang/.rebuild/clone_roots/i64s_knife/src/core/runtime/program_support_backend.cheng
entry	cheng_cold_f155c0a9_464	cheng_allocation_ledger_heap_index_lookup_locked	/Users/lbcheng/cheng-lang/.rebuild/clone_roots/i64s_knife/src/core/runtime/program_support_backend.cheng	4880	4880	4880	offset=0x10c24	size=1704	function_name=cheng_allocation_ledger_heap_index_lookup_locked	module_path=/Users/lbcheng/cheng-lang/.rebuild/clone_roots/i64s_knife/src/core/runtime/program_support_backend.cheng
entry	cheng_cold_f155c0a9_465	cheng_allocation_ledger_heap_index_insert_locked	/Users/lbcheng/cheng-lang/.rebuild/clone_roots/i64s_knife/src/core/runtime/program_support_backend.cheng	4910	4910	4910	offset=0x112cc	size=1816	function_name=cheng_allocation_ledger_heap_index_insert_locked	module_path=/Users/lbcheng/cheng-lang/.rebuild/clone_roots/i64s_knife/src/core/runtime/program_support_backend.cheng
entry	cheng_cold_f155c0a9_466	cheng_allocation_ledger_heap_index_remove_locked	/Users/lbcheng/cheng-lang/.rebuild/clone_roots/i64s_knife/src/core/runtime/program_support_backend.cheng	4943	4943	4943	offset=0x119e4	size=3524	function_name=cheng_allocation_ledger_heap_index_remove_locked	module_path=/Users/lbcheng/cheng-lang/.rebuild/clone_roots/i64s_knife/src/core/runtime/program_support_backend.cheng
entry	cheng_cold_f155c0a9_467	cheng_allocation_ledger_live_record_for_payload_locked	/Users/lbcheng/cheng-lang/.rebuild/clone_roots/i64s_knife/src/core/runtime/program_support_backend.cheng	5006	5006	5006	offset=0x127a8	size=604	function_name=cheng_allocation_ledger_live_record_for_payload_locked	module_path=/Users/lbcheng/cheng-lang/.rebuild/clone_roots/i64s_knife/src/core/runtime/program_support_backend.cheng
entry	cheng_cold_f155c0a9_468	cheng_allocation_ledger_record_slot_locked	/Users/lbcheng/cheng-lang/.rebuild/clone_roots/i64s_knife/src/core/runtime/program_support_backend.cheng	5016	5016	5016	offset=0x12a04	size=1452	function_name=cheng_allocation_ledger_record_slot_locked	module_path=/Users/lbcheng/cheng-lang/.rebuild/clone_roots/i64s_knife/src/core/runtime/program_support_backend.cheng
entry	cheng_cold_f155c0a9_471	cheng_allocation_ledger_record_reference_event_locked	/Users/lbcheng/cheng-lang/.rebuild/clone_roots/i64s_knife/src/core/runtime/program_support_backend.cheng	5055	5055	5055	offset=0x12fb0	size=1632	function_name=cheng_allocation_ledger_record_reference_event_locked	module_path=/Users/lbcheng/cheng-lang/.rebuild/clone_roots/i64s_knife/src/core/runtime/program_support_backend.cheng
entry	cheng_cold_f155c0a9_473	cheng_allocation_ledger_map_failed	/Users/lbcheng/cheng-lang/.rebuild/clone_roots/i64s_knife/src/core/runtime/program_support_backend.cheng	5133	5133	5133	offset=0x13610	size=348	function_name=cheng_allocation_ledger_map_failed	module_path=/Users/lbcheng/cheng-lang/.rebuild/clone_roots/i64s_knife/src/core/runtime/program_support_backend.cheng
entry	cheng_cold_f155c0a9_474	cheng_allocation_ledger_map_owned	/Users/lbcheng/cheng-lang/.rebuild/clone_roots/i64s_knife/src/core/runtime/program_support_backend.cheng	5138	5138	5138	offset=0x1376c	size=628	function_name=cheng_allocation_ledger_map_owned	module_path=/Users/lbcheng/cheng-lang/.rebuild/clone_roots/i64s_knife/src/core/runtime/program_support_backend.cheng
entry	cheng_cold_f155c0a9_476	cheng_allocation_ledger_slab_class	/Users/lbcheng/cheng-lang/.rebuild/clone_roots/i64s_knife/src/core/runtime/program_support_backend.cheng	5200	5200	5200	offset=0x139e0	size=1248	function_name=cheng_allocation_ledger_slab_class	module_path=/Users/lbcheng/cheng-lang/.rebuild/clone_roots/i64s_knife/src/core/runtime/program_support_backend.cheng
entry	cheng_cold_f155c0a9_477	cheng_allocation_ledger_available_head_set	/Users/lbcheng/cheng-lang/.rebuild/clone_roots/i64s_knife/src/core/runtime/program_support_backend.cheng	5218	5218	5218	offset=0x13ec0	size=732	function_name=cheng_allocation_ledger_available_head_set	module_path=/Users/lbcheng/cheng-lang/.rebuild/clone_roots/i64s_knife/src/core/runtime/program_support_backend.cheng
entry	cheng_cold_f155c0a9_478	cheng_allocation_ledger_slab_available_remove_locked	/Users/lbcheng/cheng-lang/.rebuild/clone_roots/i64s_knife/src/core/runtime/program_support_backend.cheng	5230	5230	5230	offset=0x1419c	size=2444	function_name=cheng_allocation_ledger_slab_available_remove_locked	module_path=/Users/lbcheng/cheng-lang/.rebuild/clone_roots/i64s_knife/src/core/runtime/program_support_backend.cheng
entry	cheng_cold_f155c0a9_479	cheng_allocation_ledger_slab_available_push_locked	/Users/lbcheng/cheng-lang/.rebuild/clone_roots/i64s_knife/src/core/runtime/program_support_backend.cheng	5267	5267	5267	offset=0x14b28	size=2144	function_name=cheng_allocation_ledger_slab_available_push_locked	module_path=/Users/lbcheng/cheng-lang/.rebuild/clone_roots/i64s_knife/src/core/runtime/program_support_backend.cheng
entry	cheng_cold_f155c0a9_480	cheng_allocation_ledger_slab_create_locked	/Users/lbcheng/cheng-lang/.rebuild/clone_roots/i64s_knife/src/core/runtime/program_support_backend.cheng	5293	5293	5293	offset=0x15388	size=4368	function_name=cheng_allocation_ledger_slab_create_locked	module_path=/Users/lbcheng/cheng-lang/.rebuild/clone_roots/i64s_knife/src/core/runtime/program_support_backend.cheng
entry	cheng_cold_f155c0a9_481	cheng_allocation_ledger_allocate_locked	/Users/lbcheng/cheng-lang/.rebuild/clone_roots/i64s_knife/src/core/runtime/program_support_backend.cheng	5379	5379	5379	offset=0x16498	size=9472	function_name=cheng_allocation_ledger_allocate_locked	module_path=/Users/lbcheng/cheng-lang/.rebuild/clone_roots/i64s_knife/src/core/runtime/program_support_backend.cheng
entry	cheng_cold_f155c0a9_482	cheng_allocation_ledger_release_locked	/Users/lbcheng/cheng-lang/.rebuild/clone_roots/i64s_knife/src/core/runtime/program_support_backend.cheng	5572	5572	5572	offset=0x18998	size=6784	function_name=cheng_allocation_ledger_release_locked	module_path=/Users/lbcheng/cheng-lang/.rebuild/clone_roots/i64s_knife/src/core/runtime/program_support_backend.cheng
entry	cheng_cold_f155c0a9_487	probe_slot_at	/Users/lbcheng/cheng-lang/.rebuild/clone_roots/i64s_knife/src/core/runtime/program_support_backend.cheng	5929	5929	5929	offset=0x1a418	size=1780	function_name=probe_slot_at	module_path=/Users/lbcheng/cheng-lang/.rebuild/clone_roots/i64s_knife/src/core/runtime/program_support_backend.cheng
entry	cheng_cold_f155c0a9_489	probe_live_slot_for_payload_locked	/Users/lbcheng/cheng-lang/.rebuild/clone_roots/i64s_knife/src/core/runtime/program_support_backend.cheng	5988	5988	5988	offset=0x1ab0c	size=2360	function_name=probe_live_slot_for_payload_locked	module_path=/Users/lbcheng/cheng-lang/.rebuild/clone_roots/i64s_knife/src/core/runtime/program_support_backend.cheng
entry	cheng_cold_f155c0a9_490	cheng_malloc_locked	/Users/lbcheng/cheng-lang/.rebuild/clone_roots/i64s_knife/src/core/runtime/program_support_backend.cheng	6017	6017	6017	offset=0x1b444	size=1752	function_name=cheng_malloc_locked	module_path=/Users/lbcheng/cheng-lang/.rebuild/clone_roots/i64s_knife/src/core/runtime/program_support_backend.cheng
entry	cheng_cold_f155c0a9_497	cheng_mem_release_registry_miss_fail	/Users/lbcheng/cheng-lang/.rebuild/clone_roots/i64s_knife/src/core/runtime/program_support_backend.cheng	6312	6312	6312	offset=0x1bb64	size=428	function_name=cheng_mem_release_registry_miss_fail	module_path=/Users/lbcheng/cheng-lang/.rebuild/clone_roots/i64s_knife/src/core/runtime/program_support_backend.cheng
entry	cheng_cold_f155c0a9_498	cheng_mem_release_underflow_fail	/Users/lbcheng/cheng-lang/.rebuild/clone_roots/i64s_knife/src/core/runtime/program_support_backend.cheng	6320	6320	6320	offset=0x1bd10	size=452	function_name=cheng_mem_release_underflow_fail	module_path=/Users/lbcheng/cheng-lang/.rebuild/clone_roots/i64s_knife/src/core/runtime/program_support_backend.cheng
entry	cheng_cold_f155c0a9_499	cheng_mem_release_finalize_miss_fail	/Users/lbcheng/cheng-lang/.rebuild/clone_roots/i64s_knife/src/core/runtime/program_support_backend.cheng	6328	6328	6328	offset=0x1bed4	size=444	function_name=cheng_mem_release_finalize_miss_fail	module_path=/Users/lbcheng/cheng-lang/.rebuild/clone_roots/i64s_knife/src/core/runtime/program_support_backend.cheng
entry	cheng_cold_f155c0a9_500	cheng_mem_release_live_counter_fail	/Users/lbcheng/cheng-lang/.rebuild/clone_roots/i64s_knife/src/core/runtime/program_support_backend.cheng	6336	6336	6336	offset=0x1c090	size=444	function_name=cheng_mem_release_live_counter_fail	module_path=/Users/lbcheng/cheng-lang/.rebuild/clone_roots/i64s_knife/src/core/runtime/program_support_backend.cheng
entry	cheng_cold_f155c0a9_501	cheng_orcmiss_autopsy_dump	/Users/lbcheng/cheng-lang/.rebuild/clone_roots/i64s_knife/src/core/runtime/program_support_backend.cheng	6348	6348	6348	offset=0x1c24c	size=3016	function_name=cheng_orcmiss_autopsy_dump	module_path=/Users/lbcheng/cheng-lang/.rebuild/clone_roots/i64s_knife/src/core/runtime/program_support_backend.cheng
entry	cheng_cold_f155c0a9_502	cheng_mem_release_registered_header	/Users/lbcheng/cheng-lang/.rebuild/clone_roots/i64s_knife/src/core/runtime/program_support_backend.cheng	6393	6393	6393	offset=0x1ce14	size=1248	function_name=cheng_mem_release_registered_header	module_path=/Users/lbcheng/cheng-lang/.rebuild/clone_roots/i64s_knife/src/core/runtime/program_support_backend.cheng
entry	cheng_cold_f155c0a9_503	cheng_mem_release_finalize_locked	/Users/lbcheng/cheng-lang/.rebuild/clone_roots/i64s_knife/src/core/runtime/program_support_backend.cheng	6421	6421	6421	offset=0x1d2f4	size=1232	function_name=cheng_mem_release_finalize_locked	module_path=/Users/lbcheng/cheng-lang/.rebuild/clone_roots/i64s_knife/src/core/runtime/program_support_backend.cheng
entry	cheng_cold_f155c0a9_504	cheng_mem_release_locked	/Users/lbcheng/cheng-lang/.rebuild/clone_roots/i64s_knife/src/core/runtime/program_support_backend.cheng	6449	6449	6449	offset=0x1d7c4	size=2308	function_name=cheng_mem_release_locked	module_path=/Users/lbcheng/cheng-lang/.rebuild/clone_roots/i64s_knife/src/core/runtime/program_support_backend.cheng
entry	cheng_cold_f155c0a9_505	cheng_mem_release_checked	/Users/lbcheng/cheng-lang/.rebuild/clone_roots/i64s_knife/src/core/runtime/program_support_backend.cheng	6493	6493	6493	offset=0x1e0c8	size=1408	function_name=cheng_mem_release_checked	module_path=/Users/lbcheng/cheng-lang/.rebuild/clone_roots/i64s_knife/src/core/runtime/program_support_backend.cheng
entry	cheng_cold_f155c0a9_697	cheng_panic_cstring_and_exit_export	/Users/lbcheng/cheng-lang/.rebuild/clone_roots/i64s_knife/src/core/runtime/program_support_backend.cheng	9360	9360	9360	offset=0x1eb9c	size=500	function_name=cheng_panic_cstring_and_exit_export	module_path=/Users/lbcheng/cheng-lang/.rebuild/clone_roots/i64s_knife/src/core/runtime/program_support_backend.cheng
entry	cheng_cold_f155c0a9_1067	cheng_sha256_u32	/Users/lbcheng/cheng-lang/.rebuild/clone_roots/i64s_knife/src/core/runtime/program_support_backend.cheng	19752	19752	19752	offset=0x1ed90	size=76	function_name=cheng_sha256_u32	module_path=/Users/lbcheng/cheng-lang/.rebuild/clone_roots/i64s_knife/src/core/runtime/program_support_backend.cheng
entry	cheng_cold_f155c0a9_1068	cheng_sha256_rotr32	/Users/lbcheng/cheng-lang/.rebuild/clone_roots/i64s_knife/src/core/runtime/program_support_backend.cheng	19755	19755	19755	offset=0x1eddc	size=180	function_name=cheng_sha256_rotr32	module_path=/Users/lbcheng/cheng-lang/.rebuild/clone_roots/i64s_knife/src/core/runtime/program_support_backend.cheng
entry	cheng_cold_f155c0a9_1069	cheng_sha256_ch	/Users/lbcheng/cheng-lang/.rebuild/clone_roots/i64s_knife/src/core/runtime/program_support_backend.cheng	19759	19759	19759	offset=0x1ee90	size=220	function_name=cheng_sha256_ch	module_path=/Users/lbcheng/cheng-lang/.rebuild/clone_roots/i64s_knife/src/core/runtime/program_support_backend.cheng
entry	cheng_cold_f155c0a9_1070	cheng_sha256_maj	/Users/lbcheng/cheng-lang/.rebuild/clone_roots/i64s_knife/src/core/runtime/program_support_backend.cheng	19765	19765	19765	offset=0x1ef6c	size=216	function_name=cheng_sha256_maj	module_path=/Users/lbcheng/cheng-lang/.rebuild/clone_roots/i64s_knife/src/core/runtime/program_support_backend.cheng
entry	cheng_cold_f155c0a9_1071	cheng_sha256_big_sigma0	/Users/lbcheng/cheng-lang/.rebuild/clone_roots/i64s_knife/src/core/runtime/program_support_backend.cheng	19771	19771	19771	offset=0x1f044	size=184	function_name=cheng_sha256_big_sigma0	module_path=/Users/lbcheng/cheng-lang/.rebuild/clone_roots/i64s_knife/src/core/runtime/program_support_backend.cheng
entry	cheng_cold_f155c0a9_1072	cheng_sha256_big_sigma1	/Users/lbcheng/cheng-lang/.rebuild/clone_roots/i64s_knife/src/core/runtime/program_support_backend.cheng	19774	19774	19774	offset=0x1f0fc	size=184	function_name=cheng_sha256_big_sigma1	module_path=/Users/lbcheng/cheng-lang/.rebuild/clone_roots/i64s_knife/src/core/runtime/program_support_backend.cheng
entry	cheng_cold_f155c0a9_1073	cheng_sha256_small_sigma0	/Users/lbcheng/cheng-lang/.rebuild/clone_roots/i64s_knife/src/core/runtime/program_support_backend.cheng	19777	19777	19777	offset=0x1f1b4	size=212	function_name=cheng_sha256_small_sigma0	module_path=/Users/lbcheng/cheng-lang/.rebuild/clone_roots/i64s_knife/src/core/runtime/program_support_backend.cheng
entry	cheng_cold_f155c0a9_1074	cheng_sha256_small_sigma1	/Users/lbcheng/cheng-lang/.rebuild/clone_roots/i64s_knife/src/core/runtime/program_support_backend.cheng	19781	19781	19781	offset=0x1f288	size=212	function_name=cheng_sha256_small_sigma1	module_path=/Users/lbcheng/cheng-lang/.rebuild/clone_roots/i64s_knife/src/core/runtime/program_support_backend.cheng
entry	cheng_cold_f155c0a9_1075	cheng_sha256_u32_from_bytes	/Users/lbcheng/cheng-lang/.rebuild/clone_roots/i64s_knife/src/core/runtime/program_support_backend.cheng	19785	19785	19785	offset=0x1f35c	size=256	function_name=cheng_sha256_u32_from_bytes	module_path=/Users/lbcheng/cheng-lang/.rebuild/clone_roots/i64s_knife/src/core/runtime/program_support_backend.cheng
entry	cheng_cold_f155c0a9_1076	cheng_sha256_k	/Users/lbcheng/cheng-lang/.rebuild/clone_roots/i64s_knife/src/core/runtime/program_support_backend.cheng	19788	19788	19788	offset=0x1f45c	size=7996	function_name=cheng_sha256_k	module_path=/Users/lbcheng/cheng-lang/.rebuild/clone_roots/i64s_knife/src/core/runtime/program_support_backend.cheng
entry	cheng_cold_f155c0a9_1077	cheng_sha256_get_u32be	/Users/lbcheng/cheng-lang/.rebuild/clone_roots/i64s_knife/src/core/runtime/program_support_backend.cheng	19856	19856	19856	offset=0x21398	size=528	function_name=cheng_sha256_get_u32be	module_path=/Users/lbcheng/cheng-lang/.rebuild/clone_roots/i64s_knife/src/core/runtime/program_support_backend.cheng
entry	cheng_cold_f155c0a9_1078	cheng_sha256_set_u32be	/Users/lbcheng/cheng-lang/.rebuild/clone_roots/i64s_knife/src/core/runtime/program_support_backend.cheng	19863	19863	19863	offset=0x215a8	size=808	function_name=cheng_sha256_set_u32be	module_path=/Users/lbcheng/cheng-lang/.rebuild/clone_roots/i64s_knife/src/core/runtime/program_support_backend.cheng
entry	cheng_cold_f155c0a9_1079	cheng_sha256_get_u32le	/Users/lbcheng/cheng-lang/.rebuild/clone_roots/i64s_knife/src/core/runtime/program_support_backend.cheng	19870	19870	19870	offset=0x218d0	size=528	function_name=cheng_sha256_get_u32le	module_path=/Users/lbcheng/cheng-lang/.rebuild/clone_roots/i64s_knife/src/core/runtime/program_support_backend.cheng
entry	cheng_cold_f155c0a9_1080	cheng_sha256_set_u32le	/Users/lbcheng/cheng-lang/.rebuild/clone_roots/i64s_knife/src/core/runtime/program_support_backend.cheng	19877	19877	19877	offset=0x21ae0	size=808	function_name=cheng_sha256_set_u32le	module_path=/Users/lbcheng/cheng-lang/.rebuild/clone_roots/i64s_knife/src/core/runtime/program_support_backend.cheng
entry	cheng_cold_f155c0a9_1081	cheng_sha256_compress_block_portable	/Users/lbcheng/cheng-lang/.rebuild/clone_roots/i64s_knife/src/core/runtime/program_support_backend.cheng	19900	19900	19900	offset=0x21e08	size=3160	function_name=cheng_sha256_compress_block_portable	module_path=/Users/lbcheng/cheng-lang/.rebuild/clone_roots/i64s_knife/src/core/runtime/program_support_backend.cheng
entry	cheng_cold_f155c0a9_1092	cheng_allocation_ledger_sha256_noalloc	/Users/lbcheng/cheng-lang/.rebuild/clone_roots/i64s_knife/src/core/runtime/program_support_backend.cheng	20359	20359	20359	offset=0x22a60	size=4732	function_name=cheng_allocation_ledger_sha256_noalloc	module_path=/Users/lbcheng/cheng-lang/.rebuild/clone_roots/i64s_knife/src/core/runtime/program_support_backend.cheng
entry	cheng_malloc	cheng_malloc_export	/Users/lbcheng/cheng-lang/.rebuild/clone_roots/i64s_knife/src/core/runtime/program_support_backend.cheng	6075	6075	6075	offset=0x1bb1c	size=72	function_name=cheng_malloc_export	module_path=/Users/lbcheng/cheng-lang/.rebuild/clone_roots/i64s_knife/src/core/runtime/program_support_backend.cheng
entry	cheng_mem_release	cheng_mem_release_export	/Users/lbcheng/cheng-lang/.rebuild/clone_roots/i64s_knife/src/core/runtime/program_support_backend.cheng	6527	6527	6527	offset=0x1e648	size=84	function_name=cheng_mem_release_export	module_path=/Users/lbcheng/cheng-lang/.rebuild/clone_roots/i64s_knife/src/core/runtime/program_support_backend.cheng
entry	cheng_mem_refcount	cheng_mem_refcount_export	/Users/lbcheng/cheng-lang/.rebuild/clone_roots/i64s_knife/src/core/runtime/program_support_backend.cheng	6543	6543	6543	offset=0x1e69c	size=224	function_name=cheng_mem_refcount_export	module_path=/Users/lbcheng/cheng-lang/.rebuild/clone_roots/i64s_knife/src/core/runtime/program_support_backend.cheng
entry	cheng_seq_string_release_range_compat	cheng_seq_string_release_range_compat_export	/Users/lbcheng/cheng-lang/.rebuild/clone_roots/i64s_knife/src/core/runtime/program_support_backend.cheng	7272	7272	7272	offset=0x1e77c	size=1056	function_name=cheng_seq_string_release_range_compat_export	module_path=/Users/lbcheng/cheng-lang/.rebuild/clone_roots/i64s_knife/src/core/runtime/program_support_backend.cheng
entry	cheng_allocation_ledger_process_entry_prime	cheng_allocation_ledger_process_entry_prime_export	/Users/lbcheng/cheng-lang/.rebuild/clone_roots/i64s_knife/src/core/runtime/program_support_backend.cheng	20781	20781	20781	offset=0x23cdc	size=2792	function_name=cheng_allocation_ledger_process_entry_prime_export	module_path=/Users/lbcheng/cheng-lang/.rebuild/clone_roots/i64s_knife/src/core/runtime/program_support_backend.cheng
entry	cheng_cold_alloc_shim_f155c0a9	cheng_cold_alloc_shim_f155c0a9	/Users/lbcheng/cheng-lang/.rebuild/clone_roots/i64s_knife/src/core/runtime/program_support_backend.cheng	1	1	1	offset=0x0	size=32	function_name=cheng_cold_alloc_shim_f155c0a9	module_path=/Users/lbcheng/cheng-lang/.rebuild/clone_roots/i64s_knife/src/core/runtime/program_support_backend.cheng
entry	cheng_cold_free_shim_f155c0a9	cheng_cold_free_shim_f155c0a9	/Users/lbcheng/cheng-lang/.rebuild/clone_roots/i64s_knife/src/core/runtime/program_support_backend.cheng	1	1	1	offset=0x50	size=32	function_name=cheng_cold_free_shim_f155c0a9	module_path=/Users/lbcheng/cheng-lang/.rebuild/clone_roots/i64s_knife/src/core/runtime/program_support_backend.cheng
