cheng_line_map
entry_count=20
entry	cheng_cold_c0c951c4_107	cheng_host_ptr_plus	/Users/lbcheng/cheng-lang/.rebuild/clone_roots/i64s_knife/src/core/runtime/program_support_host_runtime.cheng	501	501	501	offset=0x88	size=224	function_name=cheng_host_ptr_plus	module_path=/Users/lbcheng/cheng-lang/.rebuild/clone_roots/i64s_knife/src/core/runtime/program_support_host_runtime.cheng
entry	cheng_cold_c0c951c4_112	cheng_host_cstrlen	/Users/lbcheng/cheng-lang/.rebuild/clone_roots/i64s_knife/src/core/runtime/program_support_host_runtime.cheng	564	564	564	offset=0x168	size=432	function_name=cheng_host_cstrlen	module_path=/Users/lbcheng/cheng-lang/.rebuild/clone_roots/i64s_knife/src/core/runtime/program_support_host_runtime.cheng
entry	cheng_cold_c0c951c4_134	cheng_host_ascii_is_drive	/Users/lbcheng/cheng-lang/.rebuild/clone_roots/i64s_knife/src/core/runtime/program_support_host_runtime.cheng	1237	1237	1237	offset=0x318	size=444	function_name=cheng_host_ascii_is_drive	module_path=/Users/lbcheng/cheng-lang/.rebuild/clone_roots/i64s_knife/src/core/runtime/program_support_host_runtime.cheng
entry	cheng_cold_c0c951c4_135	cheng_host_msys_drive_path	/Users/lbcheng/cheng-lang/.rebuild/clone_roots/i64s_knife/src/core/runtime/program_support_host_runtime.cheng	1247	1247	1247	offset=0x4d4	size=744	function_name=cheng_host_msys_drive_path	module_path=/Users/lbcheng/cheng-lang/.rebuild/clone_roots/i64s_knife/src/core/runtime/program_support_host_runtime.cheng
entry	cheng_cold_c0c951c4_136	cheng_host_copy_msys_drive_path	/Users/lbcheng/cheng-lang/.rebuild/clone_roots/i64s_knife/src/core/runtime/program_support_host_runtime.cheng	1263	1263	1263	offset=0x7bc	size=1384	function_name=cheng_host_copy_msys_drive_path	module_path=/Users/lbcheng/cheng-lang/.rebuild/clone_roots/i64s_knife/src/core/runtime/program_support_host_runtime.cheng
entry	cheng_cold_c0c951c4_176	cheng_host_fwrite_fd_loop	/Users/lbcheng/cheng-lang/.rebuild/clone_roots/i64s_knife/src/core/runtime/program_support_host_runtime.cheng	1601	1601	1601	offset=0x14a0	size=484	function_name=cheng_host_fwrite_fd_loop	module_path=/Users/lbcheng/cheng-lang/.rebuild/clone_roots/i64s_knife/src/core/runtime/program_support_host_runtime.cheng
entry	cheng_host_mmap_anon	cheng_host_mmap_anon_export	/Users/lbcheng/cheng-lang/.rebuild/clone_roots/i64s_knife/src/core/runtime/program_support_host_runtime.cheng	1506	1506	1506	offset=0xd24	size=448	function_name=cheng_host_mmap_anon_export	module_path=/Users/lbcheng/cheng-lang/.rebuild/clone_roots/i64s_knife/src/core/runtime/program_support_host_runtime.cheng
entry	cheng_host_munmap	cheng_host_munmap_export	/Users/lbcheng/cheng-lang/.rebuild/clone_roots/i64s_knife/src/core/runtime/program_support_host_runtime.cheng	1519	1519	1519	offset=0xee4	size=72	function_name=cheng_host_munmap_export	module_path=/Users/lbcheng/cheng-lang/.rebuild/clone_roots/i64s_knife/src/core/runtime/program_support_host_runtime.cheng
entry	cheng_host_malloc	cheng_host_malloc_export	/Users/lbcheng/cheng-lang/.rebuild/clone_roots/i64s_knife/src/core/runtime/program_support_host_runtime.cheng	1523	1523	1523	offset=0xf2c	size=56	function_name=cheng_host_malloc_export	module_path=/Users/lbcheng/cheng-lang/.rebuild/clone_roots/i64s_knife/src/core/runtime/program_support_host_runtime.cheng
entry	cheng_host_free	cheng_host_free_export	/Users/lbcheng/cheng-lang/.rebuild/clone_roots/i64s_knife/src/core/runtime/program_support_host_runtime.cheng	1540	1540	1540	offset=0xf64	size=68	function_name=cheng_host_free_export	module_path=/Users/lbcheng/cheng-lang/.rebuild/clone_roots/i64s_knife/src/core/runtime/program_support_host_runtime.cheng
entry	__cheng_runtime_ptr_slot_load_raw	cheng_runtime_ptr_slot_load_raw_export	/Users/lbcheng/cheng-lang/.rebuild/clone_roots/i64s_knife/src/core/runtime/program_support_host_runtime.cheng	1544	1544	1544	offset=0xfa8	size=452	function_name=cheng_runtime_ptr_slot_load_raw_export	module_path=/Users/lbcheng/cheng-lang/.rebuild/clone_roots/i64s_knife/src/core/runtime/program_support_host_runtime.cheng
entry	__cheng_runtime_ptr_slot_store_raw	cheng_runtime_ptr_slot_store_raw_export	/Users/lbcheng/cheng-lang/.rebuild/clone_roots/i64s_knife/src/core/runtime/program_support_host_runtime.cheng	1551	1551	1551	offset=0x116c	size=480	function_name=cheng_runtime_ptr_slot_store_raw_export	module_path=/Users/lbcheng/cheng-lang/.rebuild/clone_roots/i64s_knife/src/core/runtime/program_support_host_runtime.cheng
entry	cheng_host_fopen	cheng_host_fopen_export	/Users/lbcheng/cheng-lang/.rebuild/clone_roots/i64s_knife/src/core/runtime/program_support_host_runtime.cheng	1574	1574	1574	offset=0x134c	size=340	function_name=cheng_host_fopen_export	module_path=/Users/lbcheng/cheng-lang/.rebuild/clone_roots/i64s_knife/src/core/runtime/program_support_host_runtime.cheng
entry	cheng_host_fwrite	cheng_host_fwrite_export	/Users/lbcheng/cheng-lang/.rebuild/clone_roots/i64s_knife/src/core/runtime/program_support_host_runtime.cheng	1615	1615	1615	offset=0x1684	size=1012	function_name=cheng_host_fwrite_export	module_path=/Users/lbcheng/cheng-lang/.rebuild/clone_roots/i64s_knife/src/core/runtime/program_support_host_runtime.cheng
entry	cheng_host_fflush	cheng_host_fflush_export	/Users/lbcheng/cheng-lang/.rebuild/clone_roots/i64s_knife/src/core/runtime/program_support_host_runtime.cheng	1632	1632	1632	offset=0x1a78	size=60	function_name=cheng_host_fflush_export	module_path=/Users/lbcheng/cheng-lang/.rebuild/clone_roots/i64s_knife/src/core/runtime/program_support_host_runtime.cheng
entry	cheng_host_getentropy	cheng_host_getentropy_export	/Users/lbcheng/cheng-lang/.rebuild/clone_roots/i64s_knife/src/core/runtime/program_support_host_runtime.cheng	1652	1652	1652	offset=0x1ab4	size=72	function_name=cheng_host_getentropy_export	module_path=/Users/lbcheng/cheng-lang/.rebuild/clone_roots/i64s_knife/src/core/runtime/program_support_host_runtime.cheng
entry	cheng_host_exit_immediate_runtime	cheng_host_exit_immediate_runtime_export	/Users/lbcheng/cheng-lang/.rebuild/clone_roots/i64s_knife/src/core/runtime/program_support_host_runtime.cheng	2049	2049	2049	offset=0x1afc	size=68	function_name=cheng_host_exit_immediate_runtime_export	module_path=/Users/lbcheng/cheng-lang/.rebuild/clone_roots/i64s_knife/src/core/runtime/program_support_host_runtime.cheng
entry	cheng_host_write_runtime	cheng_host_write_runtime_export	/Users/lbcheng/cheng-lang/.rebuild/clone_roots/i64s_knife/src/core/runtime/program_support_host_runtime.cheng	2057	2057	2057	offset=0x1b40	size=80	function_name=cheng_host_write_runtime_export	module_path=/Users/lbcheng/cheng-lang/.rebuild/clone_roots/i64s_knife/src/core/runtime/program_support_host_runtime.cheng
entry	cheng_cold_alloc_shim_c0c951c4	cheng_cold_alloc_shim_c0c951c4	/Users/lbcheng/cheng-lang/.rebuild/clone_roots/i64s_knife/src/core/runtime/program_support_host_runtime.cheng	1	1	1	offset=0x0	size=32	function_name=cheng_cold_alloc_shim_c0c951c4	module_path=/Users/lbcheng/cheng-lang/.rebuild/clone_roots/i64s_knife/src/core/runtime/program_support_host_runtime.cheng
entry	cheng_cold_free_shim_c0c951c4	cheng_cold_free_shim_c0c951c4	/Users/lbcheng/cheng-lang/.rebuild/clone_roots/i64s_knife/src/core/runtime/program_support_host_runtime.cheng	1	1	1	offset=0x50	size=32	function_name=cheng_cold_free_shim_c0c951c4	module_path=/Users/lbcheng/cheng-lang/.rebuild/clone_roots/i64s_knife/src/core/runtime/program_support_host_runtime.cheng
