fixed_shl56=0100000000000000
var_shl_s56=0100000000000000
var_shl_64minusn=0100000000000000
signed_shr8=ff80000000000000
uint_shr8=0080000000000000
or_term=ff80000000000000
split_or=ff80000000000000
split_xor=fe80000000000000
split_s2_or=ff80000000000000
right_alone=ff80000000000000
left_alone=0100000000000000
pos_shl56=0100000000000000
pos_shl_64minusn=0100000000000000
u_shr=0080000000000000
u_shl56=0100000000000000
u_shl64minusn=0100000000000000
u_or=0180000000000000
u_xor=0180000000000000
fix_himask=00ffffffffffffff
fix_right=0080000000000000
fix_xor=0180000000000000
