cheng_line_map
entry_count=5
entry	cheng_native_runtime_event_lock_bridge	cheng_native_runtime_event_lock_bridge_export	/Users/lbcheng/cheng-lang/.rebuild/clone_roots/i64s_knife/src/core/runtime/core_runtime_provider_darwin.cheng	1076	1076	1076	offset=0x88	size=108	function_name=cheng_native_runtime_event_lock_bridge_export	module_path=/Users/lbcheng/cheng-lang/.rebuild/clone_roots/i64s_knife/src/core/runtime/core_runtime_provider_darwin.cheng
entry	cheng_native_runtime_event_assert_owner_bridge	cheng_native_runtime_event_assert_owner_bridge_export	/Users/lbcheng/cheng-lang/.rebuild/clone_roots/i64s_knife/src/core/runtime/core_runtime_provider_darwin.cheng	1083	1083	1083	offset=0xf4	size=92	function_name=cheng_native_runtime_event_assert_owner_bridge_export	module_path=/Users/lbcheng/cheng-lang/.rebuild/clone_roots/i64s_knife/src/core/runtime/core_runtime_provider_darwin.cheng
entry	cheng_native_runtime_event_unlock_bridge	cheng_native_runtime_event_unlock_bridge_export	/Users/lbcheng/cheng-lang/.rebuild/clone_roots/i64s_knife/src/core/runtime/core_runtime_provider_darwin.cheng	1089	1089	1089	offset=0x150	size=108	function_name=cheng_native_runtime_event_unlock_bridge_export	module_path=/Users/lbcheng/cheng-lang/.rebuild/clone_roots/i64s_knife/src/core/runtime/core_runtime_provider_darwin.cheng
entry	cheng_cold_alloc_shim_ca72d030	cheng_cold_alloc_shim_ca72d030	/Users/lbcheng/cheng-lang/.rebuild/clone_roots/i64s_knife/src/core/runtime/core_runtime_provider_darwin.cheng	1	1	1	offset=0x0	size=32	function_name=cheng_cold_alloc_shim_ca72d030	module_path=/Users/lbcheng/cheng-lang/.rebuild/clone_roots/i64s_knife/src/core/runtime/core_runtime_provider_darwin.cheng
entry	cheng_cold_free_shim_ca72d030	cheng_cold_free_shim_ca72d030	/Users/lbcheng/cheng-lang/.rebuild/clone_roots/i64s_knife/src/core/runtime/core_runtime_provider_darwin.cheng	1	1	1	offset=0x50	size=32	function_name=cheng_cold_free_shim_ca72d030	module_path=/Users/lbcheng/cheng-lang/.rebuild/clone_roots/i64s_knife/src/core/runtime/core_runtime_provider_darwin.cheng
