cheng_line_map
entry_count=5
entry	helper	helper	/Users/lbcheng/cheng-lang/.rebuild/clone_roots/i64s_ctrl/src/tests/call_fixture.cheng	1	1	1	offset=0xac	size=48	function_name=helper	module_path=/Users/lbcheng/cheng-lang/.rebuild/clone_roots/i64s_ctrl/src/tests/call_fixture.cheng
entry	main	main	/Users/lbcheng/cheng-lang/.rebuild/clone_roots/i64s_ctrl/src/tests/call_fixture.cheng	2	2	2	offset=0x0	size=48	function_name=main	module_path=/Users/lbcheng/cheng-lang/.rebuild/clone_roots/i64s_ctrl/src/tests/call_fixture.cheng
entry	main	main	/Users/lbcheng/cheng-lang/.rebuild/clone_roots/i64s_ctrl/src/tests/call_fixture.cheng	2	2	2	offset=0xdc	size=48	function_name=main	module_path=/Users/lbcheng/cheng-lang/.rebuild/clone_roots/i64s_ctrl/src/tests/call_fixture.cheng
entry	cheng_cold_alloc_shim_78f5cdd1	cheng_cold_alloc_shim_78f5cdd1	/Users/lbcheng/cheng-lang/.rebuild/clone_roots/i64s_ctrl/src/tests/call_fixture.cheng	1	1	1	offset=0x24	size=32	function_name=cheng_cold_alloc_shim_78f5cdd1	module_path=/Users/lbcheng/cheng-lang/.rebuild/clone_roots/i64s_ctrl/src/tests/call_fixture.cheng
entry	cheng_cold_free_shim_78f5cdd1	cheng_cold_free_shim_78f5cdd1	/Users/lbcheng/cheng-lang/.rebuild/clone_roots/i64s_ctrl/src/tests/call_fixture.cheng	1	1	1	offset=0x74	size=32	function_name=cheng_cold_free_shim_78f5cdd1	module_path=/Users/lbcheng/cheng-lang/.rebuild/clone_roots/i64s_ctrl/src/tests/call_fixture.cheng
