{"kind":"startUserTurn","threadId":"","requestSequence":[{"method":"thread/start","params":{"model":"gpt-5","approvalPolicy":"never","approvalsReviewer":"user","sandbox":"danger-full-access","ephemeral":false,"sessionStartSource":"cli"}},{"method":"turn/start","params":{"threadId":"","input":[{"type":"text","text":"alias prompt","textElements":[]}],"approvalPolicy":"never"}}],"parseError":"","blockedReason":""}
