cheng_line_map
entry_count=5
entry	nestedFmt	nestedFmt	/Users/lbcheng/cheng-lang/.rebuild/clone_roots/i64s_knife/src/tests/cold_nested_fmt_interpolation_smoke.cheng	1	1	1	offset=0xac	size=1724	function_name=nestedFmt	module_path=/Users/lbcheng/cheng-lang/.rebuild/clone_roots/i64s_knife/src/tests/cold_nested_fmt_interpolation_smoke.cheng
entry	main	main	/Users/lbcheng/cheng-lang/.rebuild/clone_roots/i64s_knife/src/tests/cold_nested_fmt_interpolation_smoke.cheng	4	4	4	offset=0x0	size=712	function_name=main	module_path=/Users/lbcheng/cheng-lang/.rebuild/clone_roots/i64s_knife/src/tests/cold_nested_fmt_interpolation_smoke.cheng
entry	main	main	/Users/lbcheng/cheng-lang/.rebuild/clone_roots/i64s_knife/src/tests/cold_nested_fmt_interpolation_smoke.cheng	4	4	4	offset=0x768	size=712	function_name=main	module_path=/Users/lbcheng/cheng-lang/.rebuild/clone_roots/i64s_knife/src/tests/cold_nested_fmt_interpolation_smoke.cheng
entry	cheng_cold_alloc_shim_21395243	cheng_cold_alloc_shim_21395243	/Users/lbcheng/cheng-lang/.rebuild/clone_roots/i64s_knife/src/tests/cold_nested_fmt_interpolation_smoke.cheng	1	1	1	offset=0x24	size=32	function_name=cheng_cold_alloc_shim_21395243	module_path=/Users/lbcheng/cheng-lang/.rebuild/clone_roots/i64s_knife/src/tests/cold_nested_fmt_interpolation_smoke.cheng
entry	cheng_cold_free_shim_21395243	cheng_cold_free_shim_21395243	/Users/lbcheng/cheng-lang/.rebuild/clone_roots/i64s_knife/src/tests/cold_nested_fmt_interpolation_smoke.cheng	1	1	1	offset=0x74	size=32	function_name=cheng_cold_free_shim_21395243	module_path=/Users/lbcheng/cheng-lang/.rebuild/clone_roots/i64s_knife/src/tests/cold_nested_fmt_interpolation_smoke.cheng
