cheng_line_map
entry_count=4
entry	main	main	/Users/lbcheng/cheng-lang/.rebuild/clone_roots/i64s_knife/src/tests/i64s_two_line_canary.cheng	1	1	1	offset=0x0	size=48	function_name=main	module_path=/Users/lbcheng/cheng-lang/.rebuild/clone_roots/i64s_knife/src/tests/i64s_two_line_canary.cheng
entry	cheng_cold_4f2672d1_0	main	/Users/lbcheng/cheng-lang/.rebuild/clone_roots/i64s_knife/src/tests/i64s_two_line_canary.cheng	1	1	1	offset=0xac	size=48	function_name=main	module_path=/Users/lbcheng/cheng-lang/.rebuild/clone_roots/i64s_knife/src/tests/i64s_two_line_canary.cheng
entry	cheng_cold_alloc_shim_4f2672d1	cheng_cold_alloc_shim_4f2672d1	/Users/lbcheng/cheng-lang/.rebuild/clone_roots/i64s_knife/src/tests/i64s_two_line_canary.cheng	1	1	1	offset=0x24	size=32	function_name=cheng_cold_alloc_shim_4f2672d1	module_path=/Users/lbcheng/cheng-lang/.rebuild/clone_roots/i64s_knife/src/tests/i64s_two_line_canary.cheng
entry	cheng_cold_free_shim_4f2672d1	cheng_cold_free_shim_4f2672d1	/Users/lbcheng/cheng-lang/.rebuild/clone_roots/i64s_knife/src/tests/i64s_two_line_canary.cheng	1	1	1	offset=0x74	size=32	function_name=cheng_cold_free_shim_4f2672d1	module_path=/Users/lbcheng/cheng-lang/.rebuild/clone_roots/i64s_knife/src/tests/i64s_two_line_canary.cheng
