cheng_line_map
entry_count=13
entry	cheng_cold_59d8cedb_652	mkNegI	/Users/lbcheng/cheng-lang/.rebuild/clone_roots/i64s_knife/src/tests/i64shift_disc.cheng	7	7	7	offset=0xd0	size=128	function_name=mkNegI	module_path=/Users/lbcheng/cheng-lang/.rebuild/clone_roots/i64s_knife/src/tests/i64shift_disc.cheng
entry	cheng_cold_59d8cedb_653	mkNegU	/Users/lbcheng/cheng-lang/.rebuild/clone_roots/i64s_knife/src/tests/i64shift_disc.cheng	10	10	10	offset=0x150	size=48	function_name=mkNegU	module_path=/Users/lbcheng/cheng-lang/.rebuild/clone_roots/i64s_knife/src/tests/i64shift_disc.cheng
entry	cheng_cold_59d8cedb_654	expAsr8	/Users/lbcheng/cheng-lang/.rebuild/clone_roots/i64s_knife/src/tests/i64shift_disc.cheng	14	14	14	offset=0x180	size=140	function_name=expAsr8	module_path=/Users/lbcheng/cheng-lang/.rebuild/clone_roots/i64s_knife/src/tests/i64shift_disc.cheng
entry	cheng_cold_59d8cedb_655	expLsr8	/Users/lbcheng/cheng-lang/.rebuild/clone_roots/i64s_knife/src/tests/i64shift_disc.cheng	18	18	18	offset=0x20c	size=80	function_name=expLsr8	module_path=/Users/lbcheng/cheng-lang/.rebuild/clone_roots/i64s_knife/src/tests/i64shift_disc.cheng
entry	cheng_cold_59d8cedb_656	caseA	/Users/lbcheng/cheng-lang/.rebuild/clone_roots/i64s_knife/src/tests/i64shift_disc.cheng	22	22	22	offset=0x25c	size=84	function_name=caseA	module_path=/Users/lbcheng/cheng-lang/.rebuild/clone_roots/i64s_knife/src/tests/i64shift_disc.cheng
entry	cheng_cold_59d8cedb_657	caseB	/Users/lbcheng/cheng-lang/.rebuild/clone_roots/i64s_knife/src/tests/i64shift_disc.cheng	27	27	27	offset=0x2b0	size=84	function_name=caseB	module_path=/Users/lbcheng/cheng-lang/.rebuild/clone_roots/i64s_knife/src/tests/i64shift_disc.cheng
entry	cheng_cold_59d8cedb_658	caseC	/Users/lbcheng/cheng-lang/.rebuild/clone_roots/i64s_knife/src/tests/i64shift_disc.cheng	32	32	32	offset=0x304	size=84	function_name=caseC	module_path=/Users/lbcheng/cheng-lang/.rebuild/clone_roots/i64s_knife/src/tests/i64shift_disc.cheng
entry	cheng_cold_59d8cedb_659	caseD	/Users/lbcheng/cheng-lang/.rebuild/clone_roots/i64s_knife/src/tests/i64shift_disc.cheng	37	37	37	offset=0x358	size=84	function_name=caseD	module_path=/Users/lbcheng/cheng-lang/.rebuild/clone_roots/i64s_knife/src/tests/i64shift_disc.cheng
entry	cheng_cold_59d8cedb_660	caseE	/Users/lbcheng/cheng-lang/.rebuild/clone_roots/i64s_knife/src/tests/i64shift_disc.cheng	42	42	42	offset=0x3ac	size=76	function_name=caseE	module_path=/Users/lbcheng/cheng-lang/.rebuild/clone_roots/i64s_knife/src/tests/i64shift_disc.cheng
entry	main	main	/Users/lbcheng/cheng-lang/.rebuild/clone_roots/i64s_knife/src/tests/i64shift_disc.cheng	45	45	45	offset=0x0	size=1324	function_name=main	module_path=/Users/lbcheng/cheng-lang/.rebuild/clone_roots/i64s_knife/src/tests/i64shift_disc.cheng
entry	cheng_cold_59d8cedb_661	main	/Users/lbcheng/cheng-lang/.rebuild/clone_roots/i64s_knife/src/tests/i64shift_disc.cheng	45	45	45	offset=0x3f8	size=1324	function_name=main	module_path=/Users/lbcheng/cheng-lang/.rebuild/clone_roots/i64s_knife/src/tests/i64shift_disc.cheng
entry	cheng_cold_alloc_shim_59d8cedb	cheng_cold_alloc_shim_59d8cedb	/Users/lbcheng/cheng-lang/.rebuild/clone_roots/i64s_knife/src/tests/i64shift_disc.cheng	1	1	1	offset=0x48	size=32	function_name=cheng_cold_alloc_shim_59d8cedb	module_path=/Users/lbcheng/cheng-lang/.rebuild/clone_roots/i64s_knife/src/tests/i64shift_disc.cheng
entry	cheng_cold_free_shim_59d8cedb	cheng_cold_free_shim_59d8cedb	/Users/lbcheng/cheng-lang/.rebuild/clone_roots/i64s_knife/src/tests/i64shift_disc.cheng	1	1	1	offset=0x98	size=32	function_name=cheng_cold_free_shim_59d8cedb	module_path=/Users/lbcheng/cheng-lang/.rebuild/clone_roots/i64s_knife/src/tests/i64shift_disc.cheng
