cheng_line_map
entry_count=4
entry	main	main	/Users/lbcheng/cheng-lang/.rebuild/clone_roots/i64s_knife/src/tests/ordinary_zero_exit_fixture.cheng	1	1	1	offset=0x0	size=48	function_name=main	module_path=/Users/lbcheng/cheng-lang/.rebuild/clone_roots/i64s_knife/src/tests/ordinary_zero_exit_fixture.cheng
entry	main	main	/Users/lbcheng/cheng-lang/.rebuild/clone_roots/i64s_knife/src/tests/ordinary_zero_exit_fixture.cheng	1	1	1	offset=0xac	size=48	function_name=main	module_path=/Users/lbcheng/cheng-lang/.rebuild/clone_roots/i64s_knife/src/tests/ordinary_zero_exit_fixture.cheng
entry	cheng_cold_alloc_shim_24f487f3	cheng_cold_alloc_shim_24f487f3	/Users/lbcheng/cheng-lang/.rebuild/clone_roots/i64s_knife/src/tests/ordinary_zero_exit_fixture.cheng	1	1	1	offset=0x24	size=32	function_name=cheng_cold_alloc_shim_24f487f3	module_path=/Users/lbcheng/cheng-lang/.rebuild/clone_roots/i64s_knife/src/tests/ordinary_zero_exit_fixture.cheng
entry	cheng_cold_free_shim_24f487f3	cheng_cold_free_shim_24f487f3	/Users/lbcheng/cheng-lang/.rebuild/clone_roots/i64s_knife/src/tests/ordinary_zero_exit_fixture.cheng	1	1	1	offset=0x74	size=32	function_name=cheng_cold_free_shim_24f487f3	module_path=/Users/lbcheng/cheng-lang/.rebuild/clone_roots/i64s_knife/src/tests/ordinary_zero_exit_fixture.cheng
