[15:44:38] === run2 base HEAD=11a16cd12ffd15ae3dc75f0bcf14a02c23dc36cc (A/B 克隆根归档基座, 不随活动 HEAD 漂移) ===
[15:44:38] === phase 0: queue wait (U 组 staticarg -> slabk2 -> me) ===
[15:44:38] queue wait: quiet_rounds=1/3
[15:46:38] queue wait: quiet_rounds=2/3
[15:48:38] queue wait: quiet_rounds=3/3
[15:48:38] queue clear
[15:48:38] slot acquired
[15:48:38] === phase 1: compiler bake x3 (源=A 臂归档快照 bootstrap, 与闭包严格配对; 判等先钉 binary sha) ===
In file included from /Users/lbcheng/cheng-lang/.rebuild/abverdict_line/clone_roots/abverdict_a/bootstrap/cheng_cold.c:118346:
/Users/lbcheng/cheng-lang/.rebuild/abverdict_line/clone_roots/abverdict_a/bootstrap/cold_parser.c:15144:17: warning: format specifies type 'char *' but the argument has type 'int' [-Wformat]
 15140 |                     "([oxa54]) vararg-seq slot=%d kind=%d slen=%d stripped=[%.*s] fnlen=%d\n",
       |                                                                             ~~~~
       |                                                                             %.*d
 15141 |                     sequence_slot, sequence_kind,
 15142 |                     (int)stored_type.len,
 15143 |                     (int)sequence_type.len,
 15144 |                 (int)stored_type.len,
       |                 ^~~~~~~~~~~~~~~~~~~~
/Users/lbcheng/cheng-lang/.rebuild/abverdict_line/clone_roots/abverdict_a/bootstrap/cold_parser.c:15145:41: warning: data argument not used by format string [-Wformat-extra-args]
 15140 |                     "([oxa54]) vararg-seq slot=%d kind=%d slen=%d stripped=[%.*s] fnlen=%d\n",
       |                     ~~~~~~~~~~~~~~~~~~~~~~~~~~~~~~~~~~~~~~~~~~~~~~~~~~~~~~~~~~~~~~~~~~~~~~~~~
 15141 |                     sequence_slot, sequence_kind,
 15142 |                     (int)stored_type.len,
 15143 |                     (int)sequence_type.len,
 15144 |                 (int)stored_type.len,
 15145 |                 (int)sequence_type.len, sequence_type.ptr,
       |                                         ^
/Users/lbcheng/cheng-lang/.rebuild/abverdict_line/clone_roots/abverdict_a/bootstrap/cold_parser.c:21141:173: warning: more '%' conversions than data arguments [-Wformat-insufficient-args]
 21141 |                 "([oxa34]) proj=%d slkrng=%d la=%d prng=%d pvds=%d bpmp=%d ppfr=%d(p%d b%d) mtid=%d stor=%d unk=%d plive=%d pown=%d ppl=%d pk=%d pvds77=%d psrc77=%d pcs77=%d\n",
       |                                                                                                                                                                            ~^
/Users/lbcheng/cheng-lang/.rebuild/abverdict_line/clone_roots/abverdict_a/bootstrap/cold_parser.c:21759:11: warning: data argument not used by format string [-Wformat-extra-args]
 21753 |       fprintf(stderr, "[ev] op=%d src=%d slot=%d %d%d%d%d%d%d%d%d pl=%d org=%d sk=%d\n",
       |                       ~~~~~~~~~~~~~~~~~~~~~~~~~~~~~~~~~~~~~~~~~~~~~~~~~~~~~~~~~~~~~~~~~
 21754 |           op, source, slot, ev_slot_ok, ev_dslot, ev_det, ev_row,
 21755 |           ev_pl, ev_ow, ev_st, ev_cur,
 21756 |           body->slot_place_kind[slot],
 21757 |           body->slot_origin_id[slot],
 21758 |           body->slot_kind[slot],
 21759 |           body->op_value_def_slot[source]);
       |           ^
/Users/lbcheng/cheng-lang/.rebuild/abverdict_line/clone_roots/abverdict_a/bootstrap/cold_parser.c:24855:333: warning: more '%' conversions than data arguments [-Wformat-insufficient-args]
 24855 |                 "cheng_cold: exact-var-forward gate definition=%d carrier=%d merge=%d projection=%d root_live=%d src=%d root_live_src=%d live=%d current=%d consume=%d call_block=%d definition_block=%d storage=%d local_type_id=%d def_type_id=%d param_type_id=%d value_kind=%d formal_kind=%d slot_storage=%d carrier_slot=%d arg_slot=%d carrier_type_id=%d\n",
       |                                                                                                                                                                                                                                                                                                                                            ~^
/Users/lbcheng/cheng-lang/.rebuild/abverdict_line/clone_roots/abverdict_a/bootstrap/cold_parser.c:25159:17: warning: format specifies type 'int' but the argument has type 'const void *' [-Wformat]
 25136 |                 (const void*)function);
       |                 ^~~~~~~~~~~~~~~~~~~~~
/Users/lbcheng/cheng-lang/.rebuild/abverdict_line/clone_roots/abverdict_a/bootstrap/cold_parser.c:25136:351: warning: more '%' conversions than data arguments [-Wformat-insufficient-args]
 25136 |                 "cheng_cold: [projcheck] def_slot=%d local_slot=%d type_id=%d row_ok=%d own=%d carrier_slot=%d arg_slot=%d arg_def=%d arg_place=%d arg_own=%d arg_origin=%d call_block=%d carrier_block=%d live=%d root_live=%d formal_var=%d formal_ref=%d carrier_kind=%d carrier_size=%d storage=%d slot_type=%d slot_storage=%d type_same=%d fk=%d indep=%d fptr=%p\n",
       |                                                                                                                                                                                                                                                                                                                                                              ~^
/Users/lbcheng/cheng-lang/.rebuild/abverdict_line/clone_roots/abverdict_a/bootstrap/cold_parser.c:25401:13: warning: data argument not used by format string [-Wformat-extra-args]
 25370 |             body->call_arg_origin_id[row]);
       |             ^
/Users/lbcheng/cheng-lang/.rebuild/abverdict_line/clone_roots/abverdict_a/bootstrap/cold_parser.c:58122:13: warning: passing 'const BodyIR *' (aka 'const struct BodyIR *') to parameter of type 'BodyIR *' (aka 'struct BodyIR *') discards qualifiers [-Wincompatible-pointer-types-discards-qualifiers]
 58122 |             body, symbols,
       |             ^~~~
/Users/lbcheng/cheng-lang/.rebuild/abverdict_line/clone_roots/abverdict_a/bootstrap/cold_parser.c:2815:17: note: passing argument to parameter 'body' here
 2815 |         BodyIR *body, Symbols *symbols,
      |                 ^
/Users/lbcheng/cheng-lang/.rebuild/abverdict_line/clone_roots/abverdict_a/bootstrap/cold_parser.c:58122:19: warning: passing 'const Symbols *' (aka 'const struct Symbols *') to parameter of type 'Symbols *' (aka 'struct Symbols *') discards qualifiers [-Wincompatible-pointer-types-discards-qualifiers]
 58122 |             body, symbols,
       |                   ^~~~~~~
/Users/lbcheng/cheng-lang/.rebuild/abverdict_line/clone_roots/abverdict_a/bootstrap/cold_parser.c:2815:32: note: passing argument to parameter 'symbols' here
 2815 |         BodyIR *body, Symbols *symbols,
      |                                ^
/Users/lbcheng/cheng-lang/.rebuild/abverdict_line/clone_roots/abverdict_a/bootstrap/cold_parser.c:58283:13: warning: passing 'const BodyIR *' (aka 'const struct BodyIR *') to parameter of type 'BodyIR *' (aka 'struct BodyIR *') discards qualifiers [-Wincompatible-pointer-types-discards-qualifiers]
 58283 |             body, symbols,
       |             ^~~~
/Users/lbcheng/cheng-lang/.rebuild/abverdict_line/clone_roots/abverdict_a/bootstrap/cold_parser.c:2815:17: note: passing argument to parameter 'body' here
 2815 |         BodyIR *body, Symbols *symbols,
      |                 ^
/Users/lbcheng/cheng-lang/.rebuild/abverdict_line/clone_roots/abverdict_a/bootstrap/cold_parser.c:58283:19: warning: passing 'const Symbols *' (aka 'const struct Symbols *') to parameter of type 'Symbols *' (aka 'struct Symbols *') discards qualifiers [-Wincompatible-pointer-types-discards-qualifiers]
 58283 |             body, symbols,
       |                   ^~~~~~~
/Users/lbcheng/cheng-lang/.rebuild/abverdict_line/clone_roots/abverdict_a/bootstrap/cold_parser.c:2815:32: note: passing argument to parameter 'symbols' here
 2815 |         BodyIR *body, Symbols *symbols,
      |                                ^
/Users/lbcheng/cheng-lang/.rebuild/abverdict_line/clone_roots/abverdict_a/bootstrap/cold_parser.c:86168:1963: warning: more '%' conversions than data arguments [-Wformat-insufficient-args]
 86168 |         if (base_authority->value_def_op_id >= 0 && base_authority->value_def_op_id < body->op_count && body->op_kind[base_authority->value_def_op_id] == BODY_OP_NOP) { int32_t d27 = base_authority->value_def_op_id; int32_t f1 = body->op_source_value_def_op_id[d27]; int32_t f2 = body->op_b[d27]; int32_t r1 = f1 >= 0 ? cold_exact_var_owner_root_definition(body, f1, 0) : -9; int32_t r2 = f2 >= 0 ? cold_exact_var_owner_root_definition(body, f2, 0) : -9; fprintf(stderr, "([ibm]) f1=%d s1=%d o1=%d e1=%d r1=%d | f2=%d s2=%d o2=%d e2=%d r2=%d | cs=%d etid=%d setid=%d\n", f1, f1 >= 0 && f1 < body->op_count ? body->op_value_def_slot[f1] : -9, f1 >= 0 && f1 < body->op_count ? body->op_value_def_ownership[f1] : -9, f1 >= 0 && f1 < body->op_count ? body->op_value_def_exact_type_id[f1] : -9, r1, f2, f2 >= 0 && f2 < body->op_count ? body->op_value_def_slot[f2] : -9, f2 >= 0 && f2 < body->op_count ? body->op_value_def_ownership[f2] : -9, f2 >= 0 && f2 < body->op_count ? body->op_value_def_exact_type_id[f2] : -9, r2, body->op_value_def_consume_op_index_plus_one[d27], body->op_value_def_exact_type_id[d27], d27 < body->slot_count ? -3 : body->slot_exact_type_id[body->op_value_def_slot[d27]]); { int32_t ic1 = cold_exact_same_place_incoming_consume_valid(body, d27, f1, f2); int32_t ic2 = cold_exact_same_place_incoming_consume_valid(body, d27, f2, f1); int32_t mbd = cold_block_index_for_op((BodyIR *)body, d27); int32_t prd[2] = {-9, -9}; int32_t okp = cold_exact_merge_br_predecessors(body, mbd, body->op_c[d27], prd); int32_t cu1 = okp && prd[0] >= 0 ? cold_exact_definition_is_current_at_predecessor(body, f1, prd[0], d27) : -1; int32_t cu2 = okp && prd[1] >= 0 ? cold_exact_definition_is_current_at_predecessor(body, f2, prd[1], d27) : -1; fprintf(stderr, "([ibn]) ic1=%d ic2=%d mb=%d cblk=%d okp=%d p0=%d p1=%d cu1=%d cu2=%d\n", ic1, ic2, mbd, body->op_c[d27], okp, prd[0], prd[1], cu1, cu2); } fprintf(stderr, "([ibo]) brefslot=%d skslot=%d rkind=%d tm=%d\n", base_ref_slot, body->slot_kind[base_ref_slot], cold_exact_op_tuple_matches_result(body, base_authority) ? 1 : 0); { int32_t rr = cold_exact_var_owner_root_definition(body, base_authority->value_def_op_id, 0); if (rr >= 0 && rr < body->op_count) fprintf(stderr, "([ibr]) root=%d k=%d dst=%d a=%d b=%d c=%d src=%d pl=%d own=%d og=%d auth=%d cs=%d etid=%d prow=%d vs prow=%d\n", rr, body->op_kind[rr], body->op_dst[rr], body->op_a[rr], body->op_b[rr], body->op_c[rr], body->op_source_value_def_op_id[rr], body->op_value_def_place_kind[rr], body->op_value_def_ownership[rr], body->op_value_def_origin_id[rr], cold_exact_unique_var_param_authority_valid(body, owner->symbols, rr, 1) ? 1 : 0, body->op_value_def_consume_op_index_plus_one[rr], body->op_value_def_exact_type_id[rr], body->op_value_def_producer_function_row[rr], body->producer_function_row); } }
       |                                                                                                                                                                                                                                                                                                                                                                                                                                                                                                                                                                                                                                                                                                                                                                                                                                                                                                                                                                                                                                                                                                                                                                                                                                                                                                                                                                                                                                                                                                                                                                                                                                                                                                                                                                                                                                                                                                                                                                                                                                          ~^
13 warnings generated.
([binstamp]) v7
[15:49:25] driver bake=1 sha256=c3df5702d6c06eca148650f0896e5c6f3bf6fed5cdde3f1f7435dc3729ad5898 disasm_sha256=774f5261ee734110b2bd82fd21aecbf0912c7df1922cebd1d402d945adfd9c89
In file included from /Users/lbcheng/cheng-lang/.rebuild/abverdict_line/clone_roots/abverdict_a/bootstrap/cheng_cold.c:118346:
/Users/lbcheng/cheng-lang/.rebuild/abverdict_line/clone_roots/abverdict_a/bootstrap/cold_parser.c:15144:17: warning: format specifies type 'char *' but the argument has type 'int' [-Wformat]
 15140 |                     "([oxa54]) vararg-seq slot=%d kind=%d slen=%d stripped=[%.*s] fnlen=%d\n",
       |                                                                             ~~~~
       |                                                                             %.*d
 15141 |                     sequence_slot, sequence_kind,
 15142 |                     (int)stored_type.len,
 15143 |                     (int)sequence_type.len,
 15144 |                 (int)stored_type.len,
       |                 ^~~~~~~~~~~~~~~~~~~~
/Users/lbcheng/cheng-lang/.rebuild/abverdict_line/clone_roots/abverdict_a/bootstrap/cold_parser.c:15145:41: warning: data argument not used by format string [-Wformat-extra-args]
 15140 |                     "([oxa54]) vararg-seq slot=%d kind=%d slen=%d stripped=[%.*s] fnlen=%d\n",
       |                     ~~~~~~~~~~~~~~~~~~~~~~~~~~~~~~~~~~~~~~~~~~~~~~~~~~~~~~~~~~~~~~~~~~~~~~~~~
 15141 |                     sequence_slot, sequence_kind,
 15142 |                     (int)stored_type.len,
 15143 |                     (int)sequence_type.len,
 15144 |                 (int)stored_type.len,
 15145 |                 (int)sequence_type.len, sequence_type.ptr,
       |                                         ^
/Users/lbcheng/cheng-lang/.rebuild/abverdict_line/clone_roots/abverdict_a/bootstrap/cold_parser.c:21141:173: warning: more '%' conversions than data arguments [-Wformat-insufficient-args]
 21141 |                 "([oxa34]) proj=%d slkrng=%d la=%d prng=%d pvds=%d bpmp=%d ppfr=%d(p%d b%d) mtid=%d stor=%d unk=%d plive=%d pown=%d ppl=%d pk=%d pvds77=%d psrc77=%d pcs77=%d\n",
       |                                                                                                                                                                            ~^
/Users/lbcheng/cheng-lang/.rebuild/abverdict_line/clone_roots/abverdict_a/bootstrap/cold_parser.c:21759:11: warning: data argument not used by format string [-Wformat-extra-args]
 21753 |       fprintf(stderr, "[ev] op=%d src=%d slot=%d %d%d%d%d%d%d%d%d pl=%d org=%d sk=%d\n",
       |                       ~~~~~~~~~~~~~~~~~~~~~~~~~~~~~~~~~~~~~~~~~~~~~~~~~~~~~~~~~~~~~~~~~
 21754 |           op, source, slot, ev_slot_ok, ev_dslot, ev_det, ev_row,
 21755 |           ev_pl, ev_ow, ev_st, ev_cur,
 21756 |           body->slot_place_kind[slot],
 21757 |           body->slot_origin_id[slot],
 21758 |           body->slot_kind[slot],
 21759 |           body->op_value_def_slot[source]);
       |           ^
/Users/lbcheng/cheng-lang/.rebuild/abverdict_line/clone_roots/abverdict_a/bootstrap/cold_parser.c:24855:333: warning: more '%' conversions than data arguments [-Wformat-insufficient-args]
 24855 |                 "cheng_cold: exact-var-forward gate definition=%d carrier=%d merge=%d projection=%d root_live=%d src=%d root_live_src=%d live=%d current=%d consume=%d call_block=%d definition_block=%d storage=%d local_type_id=%d def_type_id=%d param_type_id=%d value_kind=%d formal_kind=%d slot_storage=%d carrier_slot=%d arg_slot=%d carrier_type_id=%d\n",
       |                                                                                                                                                                                                                                                                                                                                            ~^
/Users/lbcheng/cheng-lang/.rebuild/abverdict_line/clone_roots/abverdict_a/bootstrap/cold_parser.c:25159:17: warning: format specifies type 'int' but the argument has type 'const void *' [-Wformat]
 25136 |                 (const void*)function);
       |                 ^~~~~~~~~~~~~~~~~~~~~
/Users/lbcheng/cheng-lang/.rebuild/abverdict_line/clone_roots/abverdict_a/bootstrap/cold_parser.c:25136:351: warning: more '%' conversions than data arguments [-Wformat-insufficient-args]
 25136 |                 "cheng_cold: [projcheck] def_slot=%d local_slot=%d type_id=%d row_ok=%d own=%d carrier_slot=%d arg_slot=%d arg_def=%d arg_place=%d arg_own=%d arg_origin=%d call_block=%d carrier_block=%d live=%d root_live=%d formal_var=%d formal_ref=%d carrier_kind=%d carrier_size=%d storage=%d slot_type=%d slot_storage=%d type_same=%d fk=%d indep=%d fptr=%p\n",
       |                                                                                                                                                                                                                                                                                                                                                              ~^
/Users/lbcheng/cheng-lang/.rebuild/abverdict_line/clone_roots/abverdict_a/bootstrap/cold_parser.c:25401:13: warning: data argument not used by format string [-Wformat-extra-args]
 25370 |             body->call_arg_origin_id[row]);
       |             ^
/Users/lbcheng/cheng-lang/.rebuild/abverdict_line/clone_roots/abverdict_a/bootstrap/cold_parser.c:58122:13: warning: passing 'const BodyIR *' (aka 'const struct BodyIR *') to parameter of type 'BodyIR *' (aka 'struct BodyIR *') discards qualifiers [-Wincompatible-pointer-types-discards-qualifiers]
 58122 |             body, symbols,
       |             ^~~~
/Users/lbcheng/cheng-lang/.rebuild/abverdict_line/clone_roots/abverdict_a/bootstrap/cold_parser.c:2815:17: note: passing argument to parameter 'body' here
 2815 |         BodyIR *body, Symbols *symbols,
      |                 ^
/Users/lbcheng/cheng-lang/.rebuild/abverdict_line/clone_roots/abverdict_a/bootstrap/cold_parser.c:58122:19: warning: passing 'const Symbols *' (aka 'const struct Symbols *') to parameter of type 'Symbols *' (aka 'struct Symbols *') discards qualifiers [-Wincompatible-pointer-types-discards-qualifiers]
 58122 |             body, symbols,
       |                   ^~~~~~~
/Users/lbcheng/cheng-lang/.rebuild/abverdict_line/clone_roots/abverdict_a/bootstrap/cold_parser.c:2815:32: note: passing argument to parameter 'symbols' here
 2815 |         BodyIR *body, Symbols *symbols,
      |                                ^
/Users/lbcheng/cheng-lang/.rebuild/abverdict_line/clone_roots/abverdict_a/bootstrap/cold_parser.c:58283:13: warning: passing 'const BodyIR *' (aka 'const struct BodyIR *') to parameter of type 'BodyIR *' (aka 'struct BodyIR *') discards qualifiers [-Wincompatible-pointer-types-discards-qualifiers]
 58283 |             body, symbols,
       |             ^~~~
/Users/lbcheng/cheng-lang/.rebuild/abverdict_line/clone_roots/abverdict_a/bootstrap/cold_parser.c:2815:17: note: passing argument to parameter 'body' here
 2815 |         BodyIR *body, Symbols *symbols,
      |                 ^
/Users/lbcheng/cheng-lang/.rebuild/abverdict_line/clone_roots/abverdict_a/bootstrap/cold_parser.c:58283:19: warning: passing 'const Symbols *' (aka 'const struct Symbols *') to parameter of type 'Symbols *' (aka 'struct Symbols *') discards qualifiers [-Wincompatible-pointer-types-discards-qualifiers]
 58283 |             body, symbols,
       |                   ^~~~~~~
/Users/lbcheng/cheng-lang/.rebuild/abverdict_line/clone_roots/abverdict_a/bootstrap/cold_parser.c:2815:32: note: passing argument to parameter 'symbols' here
 2815 |         BodyIR *body, Symbols *symbols,
      |                                ^
/Users/lbcheng/cheng-lang/.rebuild/abverdict_line/clone_roots/abverdict_a/bootstrap/cold_parser.c:86168:1963: warning: more '%' conversions than data arguments [-Wformat-insufficient-args]
 86168 |         if (base_authority->value_def_op_id >= 0 && base_authority->value_def_op_id < body->op_count && body->op_kind[base_authority->value_def_op_id] == BODY_OP_NOP) { int32_t d27 = base_authority->value_def_op_id; int32_t f1 = body->op_source_value_def_op_id[d27]; int32_t f2 = body->op_b[d27]; int32_t r1 = f1 >= 0 ? cold_exact_var_owner_root_definition(body, f1, 0) : -9; int32_t r2 = f2 >= 0 ? cold_exact_var_owner_root_definition(body, f2, 0) : -9; fprintf(stderr, "([ibm]) f1=%d s1=%d o1=%d e1=%d r1=%d | f2=%d s2=%d o2=%d e2=%d r2=%d | cs=%d etid=%d setid=%d\n", f1, f1 >= 0 && f1 < body->op_count ? body->op_value_def_slot[f1] : -9, f1 >= 0 && f1 < body->op_count ? body->op_value_def_ownership[f1] : -9, f1 >= 0 && f1 < body->op_count ? body->op_value_def_exact_type_id[f1] : -9, r1, f2, f2 >= 0 && f2 < body->op_count ? body->op_value_def_slot[f2] : -9, f2 >= 0 && f2 < body->op_count ? body->op_value_def_ownership[f2] : -9, f2 >= 0 && f2 < body->op_count ? body->op_value_def_exact_type_id[f2] : -9, r2, body->op_value_def_consume_op_index_plus_one[d27], body->op_value_def_exact_type_id[d27], d27 < body->slot_count ? -3 : body->slot_exact_type_id[body->op_value_def_slot[d27]]); { int32_t ic1 = cold_exact_same_place_incoming_consume_valid(body, d27, f1, f2); int32_t ic2 = cold_exact_same_place_incoming_consume_valid(body, d27, f2, f1); int32_t mbd = cold_block_index_for_op((BodyIR *)body, d27); int32_t prd[2] = {-9, -9}; int32_t okp = cold_exact_merge_br_predecessors(body, mbd, body->op_c[d27], prd); int32_t cu1 = okp && prd[0] >= 0 ? cold_exact_definition_is_current_at_predecessor(body, f1, prd[0], d27) : -1; int32_t cu2 = okp && prd[1] >= 0 ? cold_exact_definition_is_current_at_predecessor(body, f2, prd[1], d27) : -1; fprintf(stderr, "([ibn]) ic1=%d ic2=%d mb=%d cblk=%d okp=%d p0=%d p1=%d cu1=%d cu2=%d\n", ic1, ic2, mbd, body->op_c[d27], okp, prd[0], prd[1], cu1, cu2); } fprintf(stderr, "([ibo]) brefslot=%d skslot=%d rkind=%d tm=%d\n", base_ref_slot, body->slot_kind[base_ref_slot], cold_exact_op_tuple_matches_result(body, base_authority) ? 1 : 0); { int32_t rr = cold_exact_var_owner_root_definition(body, base_authority->value_def_op_id, 0); if (rr >= 0 && rr < body->op_count) fprintf(stderr, "([ibr]) root=%d k=%d dst=%d a=%d b=%d c=%d src=%d pl=%d own=%d og=%d auth=%d cs=%d etid=%d prow=%d vs prow=%d\n", rr, body->op_kind[rr], body->op_dst[rr], body->op_a[rr], body->op_b[rr], body->op_c[rr], body->op_source_value_def_op_id[rr], body->op_value_def_place_kind[rr], body->op_value_def_ownership[rr], body->op_value_def_origin_id[rr], cold_exact_unique_var_param_authority_valid(body, owner->symbols, rr, 1) ? 1 : 0, body->op_value_def_consume_op_index_plus_one[rr], body->op_value_def_exact_type_id[rr], body->op_value_def_producer_function_row[rr], body->producer_function_row); } }
       |                                                                                                                                                                                                                                                                                                                                                                                                                                                                                                                                                                                                                                                                                                                                                                                                                                                                                                                                                                                                                                                                                                                                                                                                                                                                                                                                                                                                                                                                                                                                                                                                                                                                                                                                                                                                                                                                                                                                                                                                                                          ~^
13 warnings generated.
([binstamp]) v7
[15:50:16] driver bake=2 sha256=ec6bf9ecca222a83475ac436ef0bb0a2287a37460c75bff53a04a0d7b852e32b disasm_sha256=3b4b50ba5678d36a6a6a351280f043275e20014c6be227f12964d52d814aaf60
In file included from /Users/lbcheng/cheng-lang/.rebuild/abverdict_line/clone_roots/abverdict_a/bootstrap/cheng_cold.c:118346:
/Users/lbcheng/cheng-lang/.rebuild/abverdict_line/clone_roots/abverdict_a/bootstrap/cold_parser.c:15144:17: warning: format specifies type 'char *' but the argument has type 'int' [-Wformat]
 15140 |                     "([oxa54]) vararg-seq slot=%d kind=%d slen=%d stripped=[%.*s] fnlen=%d\n",
       |                                                                             ~~~~
       |                                                                             %.*d
 15141 |                     sequence_slot, sequence_kind,
 15142 |                     (int)stored_type.len,
 15143 |                     (int)sequence_type.len,
 15144 |                 (int)stored_type.len,
       |                 ^~~~~~~~~~~~~~~~~~~~
/Users/lbcheng/cheng-lang/.rebuild/abverdict_line/clone_roots/abverdict_a/bootstrap/cold_parser.c:15145:41: warning: data argument not used by format string [-Wformat-extra-args]
 15140 |                     "([oxa54]) vararg-seq slot=%d kind=%d slen=%d stripped=[%.*s] fnlen=%d\n",
       |                     ~~~~~~~~~~~~~~~~~~~~~~~~~~~~~~~~~~~~~~~~~~~~~~~~~~~~~~~~~~~~~~~~~~~~~~~~~
 15141 |                     sequence_slot, sequence_kind,
 15142 |                     (int)stored_type.len,
 15143 |                     (int)sequence_type.len,
 15144 |                 (int)stored_type.len,
 15145 |                 (int)sequence_type.len, sequence_type.ptr,
       |                                         ^
/Users/lbcheng/cheng-lang/.rebuild/abverdict_line/clone_roots/abverdict_a/bootstrap/cold_parser.c:21141:173: warning: more '%' conversions than data arguments [-Wformat-insufficient-args]
 21141 |                 "([oxa34]) proj=%d slkrng=%d la=%d prng=%d pvds=%d bpmp=%d ppfr=%d(p%d b%d) mtid=%d stor=%d unk=%d plive=%d pown=%d ppl=%d pk=%d pvds77=%d psrc77=%d pcs77=%d\n",
       |                                                                                                                                                                            ~^
/Users/lbcheng/cheng-lang/.rebuild/abverdict_line/clone_roots/abverdict_a/bootstrap/cold_parser.c:21759:11: warning: data argument not used by format string [-Wformat-extra-args]
 21753 |       fprintf(stderr, "[ev] op=%d src=%d slot=%d %d%d%d%d%d%d%d%d pl=%d org=%d sk=%d\n",
       |                       ~~~~~~~~~~~~~~~~~~~~~~~~~~~~~~~~~~~~~~~~~~~~~~~~~~~~~~~~~~~~~~~~~
 21754 |           op, source, slot, ev_slot_ok, ev_dslot, ev_det, ev_row,
 21755 |           ev_pl, ev_ow, ev_st, ev_cur,
 21756 |           body->slot_place_kind[slot],
 21757 |           body->slot_origin_id[slot],
 21758 |           body->slot_kind[slot],
 21759 |           body->op_value_def_slot[source]);
       |           ^
/Users/lbcheng/cheng-lang/.rebuild/abverdict_line/clone_roots/abverdict_a/bootstrap/cold_parser.c:24855:333: warning: more '%' conversions than data arguments [-Wformat-insufficient-args]
 24855 |                 "cheng_cold: exact-var-forward gate definition=%d carrier=%d merge=%d projection=%d root_live=%d src=%d root_live_src=%d live=%d current=%d consume=%d call_block=%d definition_block=%d storage=%d local_type_id=%d def_type_id=%d param_type_id=%d value_kind=%d formal_kind=%d slot_storage=%d carrier_slot=%d arg_slot=%d carrier_type_id=%d\n",
       |                                                                                                                                                                                                                                                                                                                                            ~^
/Users/lbcheng/cheng-lang/.rebuild/abverdict_line/clone_roots/abverdict_a/bootstrap/cold_parser.c:25159:17: warning: format specifies type 'int' but the argument has type 'const void *' [-Wformat]
 25136 |                 (const void*)function);
       |                 ^~~~~~~~~~~~~~~~~~~~~
/Users/lbcheng/cheng-lang/.rebuild/abverdict_line/clone_roots/abverdict_a/bootstrap/cold_parser.c:25136:351: warning: more '%' conversions than data arguments [-Wformat-insufficient-args]
 25136 |                 "cheng_cold: [projcheck] def_slot=%d local_slot=%d type_id=%d row_ok=%d own=%d carrier_slot=%d arg_slot=%d arg_def=%d arg_place=%d arg_own=%d arg_origin=%d call_block=%d carrier_block=%d live=%d root_live=%d formal_var=%d formal_ref=%d carrier_kind=%d carrier_size=%d storage=%d slot_type=%d slot_storage=%d type_same=%d fk=%d indep=%d fptr=%p\n",
       |                                                                                                                                                                                                                                                                                                                                                              ~^
/Users/lbcheng/cheng-lang/.rebuild/abverdict_line/clone_roots/abverdict_a/bootstrap/cold_parser.c:25401:13: warning: data argument not used by format string [-Wformat-extra-args]
 25370 |             body->call_arg_origin_id[row]);
       |             ^
/Users/lbcheng/cheng-lang/.rebuild/abverdict_line/clone_roots/abverdict_a/bootstrap/cold_parser.c:58122:13: warning: passing 'const BodyIR *' (aka 'const struct BodyIR *') to parameter of type 'BodyIR *' (aka 'struct BodyIR *') discards qualifiers [-Wincompatible-pointer-types-discards-qualifiers]
 58122 |             body, symbols,
       |             ^~~~
/Users/lbcheng/cheng-lang/.rebuild/abverdict_line/clone_roots/abverdict_a/bootstrap/cold_parser.c:2815:17: note: passing argument to parameter 'body' here
 2815 |         BodyIR *body, Symbols *symbols,
      |                 ^
/Users/lbcheng/cheng-lang/.rebuild/abverdict_line/clone_roots/abverdict_a/bootstrap/cold_parser.c:58122:19: warning: passing 'const Symbols *' (aka 'const struct Symbols *') to parameter of type 'Symbols *' (aka 'struct Symbols *') discards qualifiers [-Wincompatible-pointer-types-discards-qualifiers]
 58122 |             body, symbols,
       |                   ^~~~~~~
/Users/lbcheng/cheng-lang/.rebuild/abverdict_line/clone_roots/abverdict_a/bootstrap/cold_parser.c:2815:32: note: passing argument to parameter 'symbols' here
 2815 |         BodyIR *body, Symbols *symbols,
      |                                ^
/Users/lbcheng/cheng-lang/.rebuild/abverdict_line/clone_roots/abverdict_a/bootstrap/cold_parser.c:58283:13: warning: passing 'const BodyIR *' (aka 'const struct BodyIR *') to parameter of type 'BodyIR *' (aka 'struct BodyIR *') discards qualifiers [-Wincompatible-pointer-types-discards-qualifiers]
 58283 |             body, symbols,
       |             ^~~~
/Users/lbcheng/cheng-lang/.rebuild/abverdict_line/clone_roots/abverdict_a/bootstrap/cold_parser.c:2815:17: note: passing argument to parameter 'body' here
 2815 |         BodyIR *body, Symbols *symbols,
      |                 ^
/Users/lbcheng/cheng-lang/.rebuild/abverdict_line/clone_roots/abverdict_a/bootstrap/cold_parser.c:58283:19: warning: passing 'const Symbols *' (aka 'const struct Symbols *') to parameter of type 'Symbols *' (aka 'struct Symbols *') discards qualifiers [-Wincompatible-pointer-types-discards-qualifiers]
 58283 |             body, symbols,
       |                   ^~~~~~~
/Users/lbcheng/cheng-lang/.rebuild/abverdict_line/clone_roots/abverdict_a/bootstrap/cold_parser.c:2815:32: note: passing argument to parameter 'symbols' here
 2815 |         BodyIR *body, Symbols *symbols,
      |                                ^
/Users/lbcheng/cheng-lang/.rebuild/abverdict_line/clone_roots/abverdict_a/bootstrap/cold_parser.c:86168:1963: warning: more '%' conversions than data arguments [-Wformat-insufficient-args]
 86168 |         if (base_authority->value_def_op_id >= 0 && base_authority->value_def_op_id < body->op_count && body->op_kind[base_authority->value_def_op_id] == BODY_OP_NOP) { int32_t d27 = base_authority->value_def_op_id; int32_t f1 = body->op_source_value_def_op_id[d27]; int32_t f2 = body->op_b[d27]; int32_t r1 = f1 >= 0 ? cold_exact_var_owner_root_definition(body, f1, 0) : -9; int32_t r2 = f2 >= 0 ? cold_exact_var_owner_root_definition(body, f2, 0) : -9; fprintf(stderr, "([ibm]) f1=%d s1=%d o1=%d e1=%d r1=%d | f2=%d s2=%d o2=%d e2=%d r2=%d | cs=%d etid=%d setid=%d\n", f1, f1 >= 0 && f1 < body->op_count ? body->op_value_def_slot[f1] : -9, f1 >= 0 && f1 < body->op_count ? body->op_value_def_ownership[f1] : -9, f1 >= 0 && f1 < body->op_count ? body->op_value_def_exact_type_id[f1] : -9, r1, f2, f2 >= 0 && f2 < body->op_count ? body->op_value_def_slot[f2] : -9, f2 >= 0 && f2 < body->op_count ? body->op_value_def_ownership[f2] : -9, f2 >= 0 && f2 < body->op_count ? body->op_value_def_exact_type_id[f2] : -9, r2, body->op_value_def_consume_op_index_plus_one[d27], body->op_value_def_exact_type_id[d27], d27 < body->slot_count ? -3 : body->slot_exact_type_id[body->op_value_def_slot[d27]]); { int32_t ic1 = cold_exact_same_place_incoming_consume_valid(body, d27, f1, f2); int32_t ic2 = cold_exact_same_place_incoming_consume_valid(body, d27, f2, f1); int32_t mbd = cold_block_index_for_op((BodyIR *)body, d27); int32_t prd[2] = {-9, -9}; int32_t okp = cold_exact_merge_br_predecessors(body, mbd, body->op_c[d27], prd); int32_t cu1 = okp && prd[0] >= 0 ? cold_exact_definition_is_current_at_predecessor(body, f1, prd[0], d27) : -1; int32_t cu2 = okp && prd[1] >= 0 ? cold_exact_definition_is_current_at_predecessor(body, f2, prd[1], d27) : -1; fprintf(stderr, "([ibn]) ic1=%d ic2=%d mb=%d cblk=%d okp=%d p0=%d p1=%d cu1=%d cu2=%d\n", ic1, ic2, mbd, body->op_c[d27], okp, prd[0], prd[1], cu1, cu2); } fprintf(stderr, "([ibo]) brefslot=%d skslot=%d rkind=%d tm=%d\n", base_ref_slot, body->slot_kind[base_ref_slot], cold_exact_op_tuple_matches_result(body, base_authority) ? 1 : 0); { int32_t rr = cold_exact_var_owner_root_definition(body, base_authority->value_def_op_id, 0); if (rr >= 0 && rr < body->op_count) fprintf(stderr, "([ibr]) root=%d k=%d dst=%d a=%d b=%d c=%d src=%d pl=%d own=%d og=%d auth=%d cs=%d etid=%d prow=%d vs prow=%d\n", rr, body->op_kind[rr], body->op_dst[rr], body->op_a[rr], body->op_b[rr], body->op_c[rr], body->op_source_value_def_op_id[rr], body->op_value_def_place_kind[rr], body->op_value_def_ownership[rr], body->op_value_def_origin_id[rr], cold_exact_unique_var_param_authority_valid(body, owner->symbols, rr, 1) ? 1 : 0, body->op_value_def_consume_op_index_plus_one[rr], body->op_value_def_exact_type_id[rr], body->op_value_def_producer_function_row[rr], body->producer_function_row); } }
       |                                                                                                                                                                                                                                                                                                                                                                                                                                                                                                                                                                                                                                                                                                                                                                                                                                                                                                                                                                                                                                                                                                                                                                                                                                                                                                                                                                                                                                                                                                                                                                                                                                                                                                                                                                                                                                                                                                                                                                                                                                          ~^
13 warnings generated.
([binstamp]) v7
[15:50:57] driver bake=3 sha256=fb7f73e7a7ec881dd1df442fc09d3512489a608b21c102d625c7ff68dde11920 disasm_sha256=5d48d68cb6b190f8f93ebf13a3ea18aa7a97afc4c716de4801f4e08ea1d48b09
[15:50:59] compiler three-bake: byte_1v2=DIFF byte_1v3=DIFF disasm_equal=NO
[15:50:59] === phase 2: canary 2/2 + wdfs 绿保持 (夹具已入克隆根 src/tests/) ===
[15:51:01] canary ac_two_line_canary compile_rc=0 run_rc=0 run_out_head=
[15:51:03] canary ordinary_zero_exit_fixture compile_rc=0 run_rc=0 run_out_head=
[15:51:07] canary wdfs_peephole_r3_redgreen compile_rc=0 run_rc=0 run_out_head=scan32 sum=3040 scan_while sum=3040 peephole_r3_redgreen ok 
[15:51:07] canary_summary CANARY_RC=0 (2/2 必须; wdfs 须 run_rc=0)
[15:51:07] === phase 3: A/B closure bakes + A 复烤控制组 ===
[15:51:12] closure_a ok=1
[15:51:20] closure_b ok=1
[15:51:28] closure_a_repeat ok=1
[15:51:28] === phase 4: sha 对 + 判读 ===
pinned_driver1_sha256=c3df5702d6c06eca148650f0896e5c6f3bf6fed5cdde3f1f7435dc3729ad5898
core_A2_sha256=199a0f2710e777d650b34b010430108b31182f976e215f279ae44f4ebc76ebba
core_B2_sha256=8c265af196297f3e430c7dcbfce1b25b9fc8bd096fd660c2edcebe3a580dc651
--- sha_a2.txt ---
199a0f2710e777d650b34b010430108b31182f976e215f279ae44f4ebc76ebba  cheng_hy2_tun_core.o
fc5501aa7020bca7c5fd0b2a51ae4c86c09391078be95e12a6d5af50732d04ae  cheng_hy2_tun_core_b.o
f04326bf001a6cfb4bdd8f14baa20c71df5bb36be597d9cc36528f87a19f1983  core_runtime_provider_linux.o
d93b76f39dcb883b31a96b6ccc43ff70e74bb4e0d30979eb2080d65b1f2de39d  program_support_backend.o
128b4b1099f633c00173098d8ce9c060a5f8a48a606cb00b57f9896094c42067  program_support_host_runtime.o
--- sha_b2.txt ---
8c265af196297f3e430c7dcbfce1b25b9fc8bd096fd660c2edcebe3a580dc651  cheng_hy2_tun_core.o
fc5501aa7020bca7c5fd0b2a51ae4c86c09391078be95e12a6d5af50732d04ae  cheng_hy2_tun_core_b.o
f04326bf001a6cfb4bdd8f14baa20c71df5bb36be597d9cc36528f87a19f1983  core_runtime_provider_linux.o
d93b76f39dcb883b31a96b6ccc43ff70e74bb4e0d30979eb2080d65b1f2de39d  program_support_backend.o
128b4b1099f633c00173098d8ce9c060a5f8a48a606cb00b57f9896094c42067  program_support_host_runtime.o
--- per-object cmp (A2 vs B2) ---
cheng_hy2_tun_core.o DIFFERS
cheng_hy2_tun_core_b.o IDENTICAL
core_runtime_provider_linux.o IDENTICAL
program_support_backend.o IDENTICAL
program_support_host_runtime.o IDENTICAL
--- A2 vs A2_repeat (同驱动同源复烤, 必须 SAME) ---
cheng_hy2_tun_core.o IDENTICAL
cheng_hy2_tun_core_b.o IDENTICAL
core_runtime_provider_linux.o IDENTICAL
program_support_backend.o IDENTICAL
program_support_host_runtime.o IDENTICAL
--- 与 run1 交叉(仅供溯源: run1 A=c03a 基座 源侧已前进, 差异属预期) ---
run1_core_A=3772443b841be04c0401ca194a077074d33203175f8c05ac31ce8df9e25c9d47
run1_core_B=c5618d912012d107bbace1e62cbcb4d4c8c7a3210bd1582a158c94421b63702a
[15:51:28] === phase 5: 反汇编 专项+窗口分析 ===
[15:51:29] symbol tables DIFFER (nm_diff2.txt)
SYMBOL_DIFF_REPORT=/Users/lbcheng/cheng-lang/.rebuild/abverdict_line/disasm2/per_symbol/SYMBOL_DIFF_REPORT.txt
DIFF_COUNT=13
DIFF_SYMBOL cheng_hy2_proxy_core_probe_status
DIFF_SYMBOL cheng_hy2_proxy_core_start
DIFF_SYMBOL cheng_hy2_proxy_core_status
DIFF_SYMBOL cheng_hy2_proxy_core_stop
DIFF_SYMBOL cheng_hy2_proxy_core_worker_entry_bridge
DIFF_SYMBOL cheng_hy2_tun_core_mem_diag
DIFF_SYMBOL cheng_hy2_tun_core_set_config
DIFF_SYMBOL cheng_hy2_tun_core_set_identity
DIFF_SYMBOL cheng_hy2_tun_core_start
DIFF_SYMBOL cheng_hy2_tun_core_status
DIFF_SYMBOL cheng_hy2_tun_core_stop
DIFF_SYMBOL cheng_hy2_tun_core_worker_entry_bridge
DIFF_SYMBOL cheng_hy2_tun_mobile_gui_snapshot_json
functions_a=2318 functions_b=2318
named_common=15 named_identical=15 named_real_diff=0
WINDOW replace a_idx[1154:1155] b_idx[1154:1155] a_cnt=1 b_cnt=1
  a_prev=f3865
  a_next=f3867
  b_prev=f3865
  b_next=f3867
  A_FUNC f3866 body_sha1_16=47df5e3a522a2948 lines=3560
  B_FUNC f3866 body_sha1_16=4204a8245526cb5c lines=3560
WINDOW replace a_idx[1168:1169] b_idx[1168:1169] a_cnt=1 b_cnt=1
  a_prev=f3880
  a_next=f3882
  b_prev=f3880
  b_next=f3882
WINDOW_ANALYSIS=/Users/lbcheng/cheng-lang/.rebuild/abverdict_line/disasm2/windows/WINDOW_ANALYSIS.txt
[15:54:40] targeted msquicNativePumpCodeUnlocked NOT_PRESENT_AS_NAMED_SYMBOL (内部函数=cheng_cold_<内容哈希>_<idx>, 以 disasm2/windows 窗口分析替代)
[15:54:40] targeted msquicNativeDialPumpReadyCode NOT_PRESENT_AS_NAMED_SYMBOL (内部函数=cheng_cold_<内容哈希>_<idx>, 以 disasm2/windows 窗口分析替代)
[15:54:40] targeted msquicNativePumpCode NOT_PRESENT_AS_NAMED_SYMBOL (内部函数=cheng_cold_<内容哈希>_<idx>, 以 disasm2/windows 窗口分析替代)
[15:54:40] === phase 6: or-of-shifts 探针 ===
[15:54:50] probe compile_rc=0 run_rc=0
[15:54:50] probe verdict=GREEN or_term=0180000000000000 split_or=0180000000000000
[15:54:50] === phase 7: realshape 真形状夹具 ===
[15:55:00] rotr64_realshape compile_rc=0 run_rc=1 green=NO out=RED rotr8 got wrong 
[15:55:08] pumpgate_realshape compile_rc=0 run_rc=0 out=OK pumpgate realshape green 
[15:55:17] pumpgate_realshape_pad compile_rc=0 run_rc=0 out=OK pumpgate realshape green 
[15:55:17] pumpgate padding-variant identical=YES (YES=形状不敏感; NO=形状敏感复现)
[15:55:17] === phase 8: report ===
REPORT_WRITTEN
[15:55:17] REPORT_WRITTEN /Users/lbcheng/cheng-lang/.rebuild/abverdict_line/REPORT.md
[15:55:17] === phase 9: 证据仓外备份双份 ===
