cheng_line_map
entry_count=3
entry	cheng_host_getentropy	cheng_host_getentropy_export	/Users/lbcheng/cheng-lang/.rebuild/i64shift_line/root/src/core/runtime/program_support_host_runtime.cheng	1652	1652	1652	offset=0x88	size=72	function_name=cheng_host_getentropy_export	module_path=/Users/lbcheng/cheng-lang/.rebuild/i64shift_line/root/src/core/runtime/program_support_host_runtime.cheng
entry	cheng_cold_alloc_shim_5824a5fe	cheng_cold_alloc_shim_5824a5fe	/Users/lbcheng/cheng-lang/.rebuild/i64shift_line/root/src/core/runtime/program_support_host_runtime.cheng	1	1	1	offset=0x0	size=32	function_name=cheng_cold_alloc_shim_5824a5fe	module_path=/Users/lbcheng/cheng-lang/.rebuild/i64shift_line/root/src/core/runtime/program_support_host_runtime.cheng
entry	cheng_cold_free_shim_5824a5fe	cheng_cold_free_shim_5824a5fe	/Users/lbcheng/cheng-lang/.rebuild/i64shift_line/root/src/core/runtime/program_support_host_runtime.cheng	1	1	1	offset=0x50	size=32	function_name=cheng_cold_free_shim_5824a5fe	module_path=/Users/lbcheng/cheng-lang/.rebuild/i64shift_line/root/src/core/runtime/program_support_host_runtime.cheng
