[17:16:12] roots ready: ctrl=/Users/lbcheng/cheng-lang/.rebuild/clone_roots/i64s_ctrl knife=/Users/lbcheng/cheng-lang/.rebuild/clone_roots/i64s_knife
([binstamp]) v7
ctrl_sha256=eecf0bac488ef5e47ab99e2a9ca8daea8a36b38a6fef5a643ec652411dd30860
knife=kd_i64s_knife_1 sha256=a4d1d1b93f01a65974ce654a40aebb73ea246be1c0d500d086e8c3805646aa4b disasm_sha256=c090af2414f70651c6034630d019ac56cb2d1268402781cffcf7fff00452aec4
knife=kd_i64s_knife_2 sha256=a8e129bff2585d2dad976ae2ab5f10ffb5f980f166483ef84741ba84e1f7ebfa disasm_sha256=d2a6f177b00f50e2d68bbc9c92e8c2ea649c184a3b5c1469d7109f6d7c5c338f
knife=kd_i64s_knife_3 sha256=efa88e606da54c61c99dd053a15389ac783641c8443ac64e6d40bbe4daa457a1 disasm_sha256=ab28501fe6af43aac66eb728497a994bfa42c668ba64b03d53d307e9649cb066
knife_byte_1v2=DIFF
knife_byte_1v3=DIFF
pinned_driver=kd_i64s_knife_1
[17:16:22] canary i64s_two_line_canary compile_rc=0 run_rc=0
[17:16:25] canary ordinary_zero_exit_fixture compile_rc=0 run_rc=0
[17:16:32] RED_arm ctrl compile_rc=0 run_rc=1 out=RED_B
[17:16:38] GREEN_arm knife compile_rc=0 run_rc=0 out=OK i64shift disc green
[17:16:45] realshape rotr64_realshape_u64 compile_rc=0 run_rc=0 out=OK rotr64 realshape u64 green
[17:16:52] realshape rotr64_realshape_i64spec compile_rc=0 run_rc=0 out=OK rotr64 realshape i64 spec green
[17:16:59] probe_vs_expected_diff_bytes=       0 probe_vs_c_diff_bytes=       0
[17:17:05] contract ordinary_zero_exit_fixture exe=DIFFER
[17:17:12] contract call_fixture exe=DIFFER
[17:17:22] contract cold_nested_fmt_interpolation_smoke exe=DIFFER
guard_error=output_artifact_contract detail=[Errno 17] File exists: 'arm_x86_64-unknown-linux-gnu.guard.report.txt'
/Users/lbcheng/cheng-lang/.rebuild/i64shift_line/ladder.sh: line 207: /Users/lbcheng/cheng-lang/.rebuild/i64shift_line/arms/x86_64-unknown-linux-gnu/arm_verdict.txt: No such file or directory
guard_error=output_artifact_contract detail=[Errno 17] File exists: 'arm_riscv64-unknown-linux-gnu.guard.report.txt'
[17:17:22] LADDER_VERDICT=RED
