([binstamp]) v7
([rvL]) 59744
([rvL]) 59744
([rvL]) 59744
([rvL]) 59744
([rvL]) 59744
([rvL]) 59744
([rvL]) 59744
([rvL]) 59744
([rvL]) 59744
([rvL]) 59744
([rvL]) 59744
([rvL]) 59744
([rvL]) 59744
([rvL]) 59744
([rvL]) 59744
([rvL]) 59744
([rvL]) 59744
([rvL]) 59744
[RVX0] dst=60 vs=60 etid=5243815 setid=5243815 own=2 pfr=15764/15764 spl=8 pl=8 sms=4 stor=4
[RVX0] dst=60 vs=60 etid=5243815 setid=5243815 own=2 pfr=15764/15764 spl=8 pl=8 sms=4 stor=4
src/core/lang/parser.cheng:24 (offset 1141) add target=clonedScopes value=layer.scopes[i] definition=146 place=4 ownership=3
cheng_cold: add(value) borrowed source requires explicit share (recovery=1 depth=2)
cheng_cold: reachable function body missing: parser.NormalizedExprLayerMoveInto
cheng_cold: reachable cold function body missing (recovery=0 depth=1)
[cheng_cold] primary object emit failed
