== cc provider stub ==
== harvest default runtime provider objects (throwaway link attempt) ==
missing harvested default runtime provider objects
([binstamp]) v7
([rvL]) 59744
([rvL]) 59744
([rvL]) 59744
([rvL]) 59744
([rvL]) 59744
([rvL]) 59744
([rvL]) 59744
([rvL]) 59744
([rvL]) 59744
([rvL]) 59744
([rvL]) 59744
([rvL]) 59744
([rvL]) 59744
([rvL]) 59744
([rvL]) 59744
([rvL]) 59744
([rvL]) 59744
([rvL]) 59744
([rvL]) 59744
([rvL]) 59744
([rvL]) 59744
([rvL]) 59744
([rvL]) 59744
([rvL]) 59744
([rvL]) 59744
([rvL]) 59744
([rvL]) 59744
([rvL]) 59744
([rvL]) 59744
([rvL]) 59744
([rvL]) 59744
([rvL]) 59744
([rvL]) 59744
([rvL]) 59744
([rvL]) 59744
([rvL]) 59744
([rvL]) 59744
([rvL]) 59744
([rvL]) 59744
([rvL]) 59744
([rvL]) 59744
([rvL]) 59744
([rvL]) 59744
([rvL]) 59744
([rvL]) 59744
([rvL]) 59744
([rvL]) 59744
([rvL]) 59744
([rvL]) 59744
([rvL]) 59744
([rvL]) 59744
([rvL]) 59744
([rvL]) 59744
([rvL]) 59744
([rvL]) 59744
([rvL]) 59744
([rvL]) 59744
([rvL]) 59744
cheng_cold: exact identity schema [body-store-freeze] call_arg row=51 carries partial authority fn=plannerTaskLoadFixtureFromEnv def=123 slot=66 place=6 ownership=2 origin=123 wantplace=6 wantown=1 wantorigin=123
cheng_cold: FunctionContractAdmission [body-store-freeze] row=788 fn=ptask.plannerTaskLoadFixtureFromEnv reject: BodyIR exact identity schema is invalid
cheng_cold: FunctionContractAdmission rejected (recovery=0 depth=1)
[cheng_cold] primary object emit failed
