In file included from bootstrap/cheng_cold.c:114393:
bootstrap/cold_parser.c:14733:17: warning: format specifies type 'char *' but the argument has type 'int' [-Wformat]
 14729 |                     "([oxa54]) vararg-seq slot=%d kind=%d slen=%d stripped=[%.*s] fnlen=%d\n",
       |                                                                             ~~~~
       |                                                                             %.*d
 14730 |                     sequence_slot, sequence_kind,
 14731 |                     (int)stored_type.len,
 14732 |                     (int)sequence_type.len,
 14733 |                 (int)stored_type.len,
       |                 ^~~~~~~~~~~~~~~~~~~~
bootstrap/cold_parser.c:14734:41: warning: data argument not used by format string [-Wformat-extra-args]
 14729 |                     "([oxa54]) vararg-seq slot=%d kind=%d slen=%d stripped=[%.*s] fnlen=%d\n",
       |                     ~~~~~~~~~~~~~~~~~~~~~~~~~~~~~~~~~~~~~~~~~~~~~~~~~~~~~~~~~~~~~~~~~~~~~~~~~
 14730 |                     sequence_slot, sequence_kind,
 14731 |                     (int)stored_type.len,
 14732 |                     (int)sequence_type.len,
 14733 |                 (int)stored_type.len,
 14734 |                 (int)sequence_type.len, sequence_type.ptr,
       |                                         ^
bootstrap/cold_parser.c:20674:173: warning: more '%' conversions than data arguments [-Wformat-insufficient-args]
 20674 |                 "([oxa34]) proj=%d slkrng=%d la=%d prng=%d pvds=%d bpmp=%d ppfr=%d(p%d b%d) mtid=%d stor=%d unk=%d plive=%d pown=%d ppl=%d pk=%d pvds77=%d psrc77=%d pcs77=%d\n",
       |                                                                                                                                                                            ~^
bootstrap/cold_parser.c:21292:11: warning: data argument not used by format string [-Wformat-extra-args]
 21286 |       fprintf(stderr, "[ev] op=%d src=%d slot=%d %d%d%d%d%d%d%d%d pl=%d org=%d sk=%d\n",
       |                       ~~~~~~~~~~~~~~~~~~~~~~~~~~~~~~~~~~~~~~~~~~~~~~~~~~~~~~~~~~~~~~~~~
 21287 |           op, source, slot, ev_slot_ok, ev_dslot, ev_det, ev_row,
 21288 |           ev_pl, ev_ow, ev_st, ev_cur,
 21289 |           body->slot_place_kind[slot],
 21290 |           body->slot_origin_id[slot],
 21291 |           body->slot_kind[slot],
 21292 |           body->op_value_def_slot[source]);
       |           ^
bootstrap/cold_parser.c:24368:333: warning: more '%' conversions than data arguments [-Wformat-insufficient-args]
 24368 |                 "cheng_cold: exact-var-forward gate definition=%d carrier=%d merge=%d projection=%d root_live=%d src=%d root_live_src=%d live=%d current=%d consume=%d call_block=%d definition_block=%d storage=%d local_type_id=%d def_type_id=%d param_type_id=%d value_kind=%d formal_kind=%d slot_storage=%d carrier_slot=%d arg_slot=%d carrier_type_id=%d\n",
       |                                                                                                                                                                                                                                                                                                                                            ~^
bootstrap/cold_parser.c:24672:17: warning: format specifies type 'int' but the argument has type 'const void *' [-Wformat]
 24649 |                 (const void*)function);
       |                 ^~~~~~~~~~~~~~~~~~~~~
bootstrap/cold_parser.c:24649:351: warning: more '%' conversions than data arguments [-Wformat-insufficient-args]
 24649 |                 "cheng_cold: [projcheck] def_slot=%d local_slot=%d type_id=%d row_ok=%d own=%d carrier_slot=%d arg_slot=%d arg_def=%d arg_place=%d arg_own=%d arg_origin=%d call_block=%d carrier_block=%d live=%d root_live=%d formal_var=%d formal_ref=%d carrier_kind=%d carrier_size=%d storage=%d slot_type=%d slot_storage=%d type_same=%d fk=%d indep=%d fptr=%p\n",
       |                                                                                                                                                                                                                                                                                                                                                              ~^
bootstrap/cold_parser.c:24915:13: warning: data argument not used by format string [-Wformat-extra-args]
 24884 |             body->call_arg_origin_id[row]);
       |             ^
bootstrap/cold_parser.c:57357:13: warning: passing 'const BodyIR *' (aka 'const struct BodyIR *') to parameter of type 'BodyIR *' (aka 'struct BodyIR *') discards qualifiers [-Wincompatible-pointer-types-discards-qualifiers]
 57357 |             body, symbols,
       |             ^~~~
bootstrap/cold_parser.c:2734:17: note: passing argument to parameter 'body' here
 2734 |         BodyIR *body, Symbols *symbols,
      |                 ^
bootstrap/cold_parser.c:57357:19: warning: passing 'const Symbols *' (aka 'const struct Symbols *') to parameter of type 'Symbols *' (aka 'struct Symbols *') discards qualifiers [-Wincompatible-pointer-types-discards-qualifiers]
 57357 |             body, symbols,
       |                   ^~~~~~~
bootstrap/cold_parser.c:2734:32: note: passing argument to parameter 'symbols' here
 2734 |         BodyIR *body, Symbols *symbols,
      |                                ^
bootstrap/cold_parser.c:57518:13: warning: passing 'const BodyIR *' (aka 'const struct BodyIR *') to parameter of type 'BodyIR *' (aka 'struct BodyIR *') discards qualifiers [-Wincompatible-pointer-types-discards-qualifiers]
 57518 |             body, symbols,
       |             ^~~~
bootstrap/cold_parser.c:2734:17: note: passing argument to parameter 'body' here
 2734 |         BodyIR *body, Symbols *symbols,
      |                 ^
bootstrap/cold_parser.c:57518:19: warning: passing 'const Symbols *' (aka 'const struct Symbols *') to parameter of type 'Symbols *' (aka 'struct Symbols *') discards qualifiers [-Wincompatible-pointer-types-discards-qualifiers]
 57518 |             body, symbols,
       |                   ^~~~~~~
bootstrap/cold_parser.c:2734:32: note: passing argument to parameter 'symbols' here
 2734 |         BodyIR *body, Symbols *symbols,
      |                                ^
bootstrap/cold_parser.c:63313:9: warning: expression result unused [-Wunused-value]
 63313 |         source_definition;
       |         ^~~~~~~~~~~~~~~~~
bootstrap/cold_parser.c:85072:1963: warning: more '%' conversions than data arguments [-Wformat-insufficient-args]
 85072 |         if (base_authority->value_def_op_id >= 0 && base_authority->value_def_op_id < body->op_count && body->op_kind[base_authority->value_def_op_id] == BODY_OP_NOP) { int32_t d27 = base_authority->value_def_op_id; int32_t f1 = body->op_source_value_def_op_id[d27]; int32_t f2 = body->op_b[d27]; int32_t r1 = f1 >= 0 ? cold_exact_var_owner_root_definition(body, f1, 0) : -9; int32_t r2 = f2 >= 0 ? cold_exact_var_owner_root_definition(body, f2, 0) : -9; fprintf(stderr, "([ibm]) f1=%d s1=%d o1=%d e1=%d r1=%d | f2=%d s2=%d o2=%d e2=%d r2=%d | cs=%d etid=%d setid=%d\n", f1, f1 >= 0 && f1 < body->op_count ? body->op_value_def_slot[f1] : -9, f1 >= 0 && f1 < body->op_count ? body->op_value_def_ownership[f1] : -9, f1 >= 0 && f1 < body->op_count ? body->op_value_def_exact_type_id[f1] : -9, r1, f2, f2 >= 0 && f2 < body->op_count ? body->op_value_def_slot[f2] : -9, f2 >= 0 && f2 < body->op_count ? body->op_value_def_ownership[f2] : -9, f2 >= 0 && f2 < body->op_count ? body->op_value_def_exact_type_id[f2] : -9, r2, body->op_value_def_consume_op_index_plus_one[d27], body->op_value_def_exact_type_id[d27], d27 < body->slot_count ? -3 : body->slot_exact_type_id[body->op_value_def_slot[d27]]); { int32_t ic1 = cold_exact_same_place_incoming_consume_valid(body, d27, f1, f2); int32_t ic2 = cold_exact_same_place_incoming_consume_valid(body, d27, f2, f1); int32_t mbd = cold_block_index_for_op((BodyIR *)body, d27); int32_t prd[2] = {-9, -9}; int32_t okp = cold_exact_merge_br_predecessors(body, mbd, body->op_c[d27], prd); int32_t cu1 = okp && prd[0] >= 0 ? cold_exact_definition_is_current_at_predecessor(body, f1, prd[0], d27) : -1; int32_t cu2 = okp && prd[1] >= 0 ? cold_exact_definition_is_current_at_predecessor(body, f2, prd[1], d27) : -1; fprintf(stderr, "([ibn]) ic1=%d ic2=%d mb=%d cblk=%d okp=%d p0=%d p1=%d cu1=%d cu2=%d\n", ic1, ic2, mbd, body->op_c[d27], okp, prd[0], prd[1], cu1, cu2); } fprintf(stderr, "([ibo]) brefslot=%d skslot=%d rkind=%d tm=%d\n", base_ref_slot, body->slot_kind[base_ref_slot], cold_exact_op_tuple_matches_result(body, base_authority) ? 1 : 0); { int32_t rr = cold_exact_var_owner_root_definition(body, base_authority->value_def_op_id, 0); if (rr >= 0 && rr < body->op_count) fprintf(stderr, "([ibr]) root=%d k=%d dst=%d a=%d b=%d c=%d src=%d pl=%d own=%d og=%d auth=%d cs=%d etid=%d prow=%d vs prow=%d\n", rr, body->op_kind[rr], body->op_dst[rr], body->op_a[rr], body->op_b[rr], body->op_c[rr], body->op_source_value_def_op_id[rr], body->op_value_def_place_kind[rr], body->op_value_def_ownership[rr], body->op_value_def_origin_id[rr], cold_exact_unique_var_param_authority_valid(body, owner->symbols, rr, 1) ? 1 : 0, body->op_value_def_consume_op_index_plus_one[rr], body->op_value_def_exact_type_id[rr], body->op_value_def_producer_function_row[rr], body->producer_function_row); } }
       |                                                                                                                                                                                                                                                                                                                                                                                                                                                                                                                                                                                                                                                                                                                                                                                                                                                                                                                                                                                                                                                                                                                                                                                                                                                                                                                                                                                                                                                                                                                                                                                                                                                                                                                                                                                                                                                                                                                                                                                                                                          ~^
14 warnings generated.
