cheng_line_map
entry_count=9
entry	cheng_cold_04887382_193	cheng_runtime_lock	/Users/lbcheng/cheng-lang/.rebuild/clone_roots/i64s_knife/src/core/runtime/program_support_backend.cheng	1373	1373	1373	offset=0x88	size=56	function_name=cheng_runtime_lock	module_path=/Users/lbcheng/cheng-lang/.rebuild/clone_roots/i64s_knife/src/core/runtime/program_support_backend.cheng
entry	cheng_cold_04887382_194	cheng_runtime_unlock	/Users/lbcheng/cheng-lang/.rebuild/clone_roots/i64s_knife/src/core/runtime/program_support_backend.cheng	1376	1376	1376	offset=0xc0	size=56	function_name=cheng_runtime_unlock	module_path=/Users/lbcheng/cheng-lang/.rebuild/clone_roots/i64s_knife/src/core/runtime/program_support_backend.cheng
entry	cheng_cold_04887382_209	cheng_ptr_plus	/Users/lbcheng/cheng-lang/.rebuild/clone_roots/i64s_knife/src/core/runtime/program_support_backend.cheng	1422	1422	1422	offset=0xf8	size=224	function_name=cheng_ptr_plus	module_path=/Users/lbcheng/cheng-lang/.rebuild/clone_roots/i64s_knife/src/core/runtime/program_support_backend.cheng
entry	cheng_cold_04887382_302	cheng_system_entropy_fill	/Users/lbcheng/cheng-lang/.rebuild/clone_roots/i64s_knife/src/core/runtime/program_support_backend.cheng	2810	2810	2810	offset=0x1d8	size=760	function_name=cheng_system_entropy_fill	module_path=/Users/lbcheng/cheng-lang/.rebuild/clone_roots/i64s_knife/src/core/runtime/program_support_backend.cheng
entry	cheng_cold_04887382_391	cheng_allocation_ledger_slot_at	/Users/lbcheng/cheng-lang/.rebuild/clone_roots/i64s_knife/src/core/runtime/program_support_backend.cheng	3881	3881	3881	offset=0x4d0	size=644	function_name=cheng_allocation_ledger_slot_at	module_path=/Users/lbcheng/cheng-lang/.rebuild/clone_roots/i64s_knife/src/core/runtime/program_support_backend.cheng
entry	cheng_cold_04887382_453	cheng_allocation_ledger_any_active_locked	/Users/lbcheng/cheng-lang/.rebuild/clone_roots/i64s_knife/src/core/runtime/program_support_backend.cheng	4609	4609	4609	offset=0x754	size=680	function_name=cheng_allocation_ledger_any_active_locked	module_path=/Users/lbcheng/cheng-lang/.rebuild/clone_roots/i64s_knife/src/core/runtime/program_support_backend.cheng
entry	cheng_allocation_ledger_process_entry_prime	cheng_allocation_ledger_process_entry_prime_export	/Users/lbcheng/cheng-lang/.rebuild/clone_roots/i64s_knife/src/core/runtime/program_support_backend.cheng	20781	20781	20781	offset=0x9fc	size=2792	function_name=cheng_allocation_ledger_process_entry_prime_export	module_path=/Users/lbcheng/cheng-lang/.rebuild/clone_roots/i64s_knife/src/core/runtime/program_support_backend.cheng
entry	cheng_cold_alloc_shim_04887382	cheng_cold_alloc_shim_04887382	/Users/lbcheng/cheng-lang/.rebuild/clone_roots/i64s_knife/src/core/runtime/program_support_backend.cheng	1	1	1	offset=0x0	size=32	function_name=cheng_cold_alloc_shim_04887382	module_path=/Users/lbcheng/cheng-lang/.rebuild/clone_roots/i64s_knife/src/core/runtime/program_support_backend.cheng
entry	cheng_cold_free_shim_04887382	cheng_cold_free_shim_04887382	/Users/lbcheng/cheng-lang/.rebuild/clone_roots/i64s_knife/src/core/runtime/program_support_backend.cheng	1	1	1	offset=0x50	size=32	function_name=cheng_cold_free_shim_04887382	module_path=/Users/lbcheng/cheng-lang/.rebuild/clone_roots/i64s_knife/src/core/runtime/program_support_backend.cheng
