cheng_line_map
entry_count=8
entry	cheng_cold_c8fcceae_652	u64Mask	/Users/lbcheng/cheng-lang/.rebuild/clone_roots/i64s_knife/src/tests/rotr64_realshape_i64spec.cheng	12	12	12	offset=0xd0	size=80	function_name=u64Mask	module_path=/Users/lbcheng/cheng-lang/.rebuild/clone_roots/i64s_knife/src/tests/rotr64_realshape_i64spec.cheng
entry	cheng_cold_c8fcceae_653	u64	/Users/lbcheng/cheng-lang/.rebuild/clone_roots/i64s_knife/src/tests/rotr64_realshape_i64spec.cheng	16	16	16	offset=0x120	size=64	function_name=u64	module_path=/Users/lbcheng/cheng-lang/.rebuild/clone_roots/i64s_knife/src/tests/rotr64_realshape_i64spec.cheng
entry	cheng_cold_c8fcceae_654	u64FromBytes	/Users/lbcheng/cheng-lang/.rebuild/clone_roots/i64s_knife/src/tests/rotr64_realshape_i64spec.cheng	19	19	19	offset=0x160	size=528	function_name=u64FromBytes	module_path=/Users/lbcheng/cheng-lang/.rebuild/clone_roots/i64s_knife/src/tests/rotr64_realshape_i64spec.cheng
entry	cheng_cold_c8fcceae_655	rotr64	/Users/lbcheng/cheng-lang/.rebuild/clone_roots/i64s_knife/src/tests/rotr64_realshape_i64spec.cheng	25	25	25	offset=0x370	size=180	function_name=rotr64	module_path=/Users/lbcheng/cheng-lang/.rebuild/clone_roots/i64s_knife/src/tests/rotr64_realshape_i64spec.cheng
entry	main	main	/Users/lbcheng/cheng-lang/.rebuild/clone_roots/i64s_knife/src/tests/rotr64_realshape_i64spec.cheng	29	29	29	offset=0x0	size=1268	function_name=main	module_path=/Users/lbcheng/cheng-lang/.rebuild/clone_roots/i64s_knife/src/tests/rotr64_realshape_i64spec.cheng
entry	cheng_cold_c8fcceae_656	main	/Users/lbcheng/cheng-lang/.rebuild/clone_roots/i64s_knife/src/tests/rotr64_realshape_i64spec.cheng	29	29	29	offset=0x424	size=1268	function_name=main	module_path=/Users/lbcheng/cheng-lang/.rebuild/clone_roots/i64s_knife/src/tests/rotr64_realshape_i64spec.cheng
entry	cheng_cold_alloc_shim_c8fcceae	cheng_cold_alloc_shim_c8fcceae	/Users/lbcheng/cheng-lang/.rebuild/clone_roots/i64s_knife/src/tests/rotr64_realshape_i64spec.cheng	1	1	1	offset=0x48	size=32	function_name=cheng_cold_alloc_shim_c8fcceae	module_path=/Users/lbcheng/cheng-lang/.rebuild/clone_roots/i64s_knife/src/tests/rotr64_realshape_i64spec.cheng
entry	cheng_cold_free_shim_c8fcceae	cheng_cold_free_shim_c8fcceae	/Users/lbcheng/cheng-lang/.rebuild/clone_roots/i64s_knife/src/tests/rotr64_realshape_i64spec.cheng	1	1	1	offset=0x98	size=32	function_name=cheng_cold_free_shim_c8fcceae	module_path=/Users/lbcheng/cheng-lang/.rebuild/clone_roots/i64s_knife/src/tests/rotr64_realshape_i64spec.cheng
