cheng_line_map
entry_count=8
entry	cheng_cold_d15cbc2a_652	u64Mask	/Users/lbcheng/cheng-lang/.rebuild/clone_roots/i64s_knife/src/tests/rotr64_realshape_u64.cheng	11	11	11	offset=0xd0	size=56	function_name=u64Mask	module_path=/Users/lbcheng/cheng-lang/.rebuild/clone_roots/i64s_knife/src/tests/rotr64_realshape_u64.cheng
entry	cheng_cold_d15cbc2a_653	u64	/Users/lbcheng/cheng-lang/.rebuild/clone_roots/i64s_knife/src/tests/rotr64_realshape_u64.cheng	15	15	15	offset=0x108	size=64	function_name=u64	module_path=/Users/lbcheng/cheng-lang/.rebuild/clone_roots/i64s_knife/src/tests/rotr64_realshape_u64.cheng
entry	cheng_cold_d15cbc2a_654	u64FromBytes	/Users/lbcheng/cheng-lang/.rebuild/clone_roots/i64s_knife/src/tests/rotr64_realshape_u64.cheng	18	18	18	offset=0x148	size=528	function_name=u64FromBytes	module_path=/Users/lbcheng/cheng-lang/.rebuild/clone_roots/i64s_knife/src/tests/rotr64_realshape_u64.cheng
entry	cheng_cold_d15cbc2a_655	rotr64	/Users/lbcheng/cheng-lang/.rebuild/clone_roots/i64s_knife/src/tests/rotr64_realshape_u64.cheng	24	24	24	offset=0x358	size=180	function_name=rotr64	module_path=/Users/lbcheng/cheng-lang/.rebuild/clone_roots/i64s_knife/src/tests/rotr64_realshape_u64.cheng
entry	main	main	/Users/lbcheng/cheng-lang/.rebuild/clone_roots/i64s_knife/src/tests/rotr64_realshape_u64.cheng	28	28	28	offset=0x0	size=1264	function_name=main	module_path=/Users/lbcheng/cheng-lang/.rebuild/clone_roots/i64s_knife/src/tests/rotr64_realshape_u64.cheng
entry	cheng_cold_d15cbc2a_656	main	/Users/lbcheng/cheng-lang/.rebuild/clone_roots/i64s_knife/src/tests/rotr64_realshape_u64.cheng	28	28	28	offset=0x40c	size=1264	function_name=main	module_path=/Users/lbcheng/cheng-lang/.rebuild/clone_roots/i64s_knife/src/tests/rotr64_realshape_u64.cheng
entry	cheng_cold_alloc_shim_d15cbc2a	cheng_cold_alloc_shim_d15cbc2a	/Users/lbcheng/cheng-lang/.rebuild/clone_roots/i64s_knife/src/tests/rotr64_realshape_u64.cheng	1	1	1	offset=0x48	size=32	function_name=cheng_cold_alloc_shim_d15cbc2a	module_path=/Users/lbcheng/cheng-lang/.rebuild/clone_roots/i64s_knife/src/tests/rotr64_realshape_u64.cheng
entry	cheng_cold_free_shim_d15cbc2a	cheng_cold_free_shim_d15cbc2a	/Users/lbcheng/cheng-lang/.rebuild/clone_roots/i64s_knife/src/tests/rotr64_realshape_u64.cheng	1	1	1	offset=0x98	size=32	function_name=cheng_cold_free_shim_d15cbc2a	module_path=/Users/lbcheng/cheng-lang/.rebuild/clone_roots/i64s_knife/src/tests/rotr64_realshape_u64.cheng
